Component: ARM Compiler 5.06 update 7 (build 960) Tool: armlink [4d3601]

==============================================================================

Section Cross References

    startup_stm32f407xx.o(STACK) refers (Special) to heapauxi.o(.text) for __use_two_region_memory
    startup_stm32f407xx.o(HEAP) refers (Special) to heapauxi.o(.text) for __use_two_region_memory
    startup_stm32f407xx.o(RESET) refers (Special) to heapauxi.o(.text) for __use_two_region_memory
    startup_stm32f407xx.o(RESET) refers to startup_stm32f407xx.o(STACK) for __initial_sp
    startup_stm32f407xx.o(RESET) refers to startup_stm32f407xx.o(.text) for Reset_Handler
    startup_stm32f407xx.o(RESET) refers to stm32f4xx_it.o(i.NMI_Handler) for NMI_Handler
    startup_stm32f407xx.o(RESET) refers to stm32f4xx_it.o(i.HardFault_Handler) for HardFault_Handler
    startup_stm32f407xx.o(RESET) refers to stm32f4xx_it.o(i.MemManage_Handler) for MemManage_Handler
    startup_stm32f407xx.o(RESET) refers to stm32f4xx_it.o(i.BusFault_Handler) for BusFault_Handler
    startup_stm32f407xx.o(RESET) refers to stm32f4xx_it.o(i.UsageFault_Handler) for UsageFault_Handler
    startup_stm32f407xx.o(RESET) refers to port.o(.emb_text) for SVC_Handler
    startup_stm32f407xx.o(RESET) refers to stm32f4xx_it.o(i.DebugMon_Handler) for DebugMon_Handler
    startup_stm32f407xx.o(RESET) refers to cmsis_os2.o(i.SysTick_Handler) for SysTick_Handler
    startup_stm32f407xx.o(RESET) refers to stm32f4xx_it.o(i.TIM4_IRQHandler) for TIM4_IRQHandler
    startup_stm32f407xx.o(RESET) refers to stm32f4xx_it.o(i.ETH_IRQHandler) for ETH_IRQHandler
    startup_stm32f407xx.o(.text) refers (Special) to heapauxi.o(.text) for __use_two_region_memory
    startup_stm32f407xx.o(.text) refers to system_stm32f4xx.o(i.SystemInit) for SystemInit
    startup_stm32f407xx.o(.text) refers to __main.o(!!!main) for __main
    startup_stm32f407xx.o(.text) refers to startup_stm32f407xx.o(HEAP) for Heap_Mem
    startup_stm32f407xx.o(.text) refers to startup_stm32f407xx.o(STACK) for Stack_Mem
    httpd_cgi_ssi.o(i.ADC_Handler) refers to dflt_clz.o(x$fpl$dfltu) for __aeabi_ui2d
    httpd_cgi_ssi.o(i.ADC_Handler) refers to dmul.o(x$fpl$dmul) for __aeabi_dmul
    httpd_cgi_ssi.o(i.ADC_Handler) refers to dfixu.o(x$fpl$dfixu) for __aeabi_d2uiz
    httpd_cgi_ssi.o(i.BEEP_CGI_Handler) refers to httpd_cgi_ssi.o(i.FindCGIParameter) for FindCGIParameter
    httpd_cgi_ssi.o(i.BEEP_CGI_Handler) refers to strcmpv7m.o(.text) for strcmp
    httpd_cgi_ssi.o(i.FindCGIParameter) refers to strcmpv7m.o(.text) for strcmp
    httpd_cgi_ssi.o(i.LEDS_CGI_Handler) refers to httpd_cgi_ssi.o(i.FindCGIParameter) for FindCGIParameter
    httpd_cgi_ssi.o(i.LEDS_CGI_Handler) refers to strcmpv7m.o(.text) for strcmp
    httpd_cgi_ssi.o(i.SSIHandler) refers to httpd_cgi_ssi.o(i.ADC_Handler) for ADC_Handler
    httpd_cgi_ssi.o(i.SSIHandler) refers to httpd_cgi_ssi.o(i.Temperate_Handler) for Temperate_Handler
    httpd_cgi_ssi.o(i.SSIHandler) refers to httpd_cgi_ssi.o(i.RTCTime_Handler) for RTCTime_Handler
    httpd_cgi_ssi.o(i.SSIHandler) refers to httpd_cgi_ssi.o(i.RTCdate_Handler) for RTCdate_Handler
    httpd_cgi_ssi.o(i.SSIHandler) refers to strlen.o(.text) for strlen
    httpd_cgi_ssi.o(i.httpd_cgi_init) refers to httpd.o(i.http_set_cgi_handlers) for http_set_cgi_handlers
    httpd_cgi_ssi.o(i.httpd_cgi_init) refers to httpd_cgi_ssi.o(.constdata) for ppcURLs
    httpd_cgi_ssi.o(i.httpd_ssi_init) refers to httpd.o(i.http_set_ssi_handler) for http_set_ssi_handler
    httpd_cgi_ssi.o(i.httpd_ssi_init) refers to httpd_cgi_ssi.o(.data) for ppcTAGs
    httpd_cgi_ssi.o(i.httpd_ssi_init) refers to httpd_cgi_ssi.o(i.SSIHandler) for SSIHandler
    httpd_cgi_ssi.o(.constdata) refers to httpd_cgi_ssi.o(.conststring) for .conststring
    httpd_cgi_ssi.o(.constdata) refers to httpd_cgi_ssi.o(i.LEDS_CGI_Handler) for LEDS_CGI_Handler
    httpd_cgi_ssi.o(.constdata) refers to httpd_cgi_ssi.o(i.BEEP_CGI_Handler) for BEEP_CGI_Handler
    httpd_cgi_ssi.o(.data) refers to httpd_cgi_ssi.o(.conststring) for .conststring
    lwiptcpdemo.o(i.http_server_netconn_serve) refers to _printf_percent.o(.ARM.Collect$$_printf_percent$$00000000) for _printf_percent
    lwiptcpdemo.o(i.http_server_netconn_serve) refers to _printf_s.o(.ARM.Collect$$_printf_percent$$00000014) for _printf_s
    lwiptcpdemo.o(i.http_server_netconn_serve) refers to _printf_str.o(.text) for _printf_str
    lwiptcpdemo.o(i.http_server_netconn_serve) refers to api_lib.o(i.netconn_recv) for netconn_recv
    lwiptcpdemo.o(i.http_server_netconn_serve) refers to netbuf.o(i.netbuf_data) for netbuf_data
    lwiptcpdemo.o(i.http_server_netconn_serve) refers to api_lib.o(i.netconn_write_partly) for netconn_write_partly
    lwiptcpdemo.o(i.http_server_netconn_serve) refers to noretval__2printf.o(.text) for __2printf
    lwiptcpdemo.o(i.http_server_netconn_serve) refers to api_lib.o(i.netconn_close) for netconn_close
[...]
    tcp_pcb_remove                           0x0800faad   Thumb Code   270  tcp.o(i.tcp_pcb_remove)
    tcp_pcbs_sane                            0x0800fcbd   Thumb Code   142  tcp.o(i.tcp_pcbs_sane)
    tcp_poll                                 0x0800fe61   Thumb Code    74  tcp.o(i.tcp_poll)
    tcp_process_refused_data                 0x08010851   Thumb Code   188  tcp.o(i.tcp_process_refused_data)
    tcp_recv                                 0x08011639   Thumb Code    44  tcp.o(i.tcp_recv)
    tcp_recv_null                            0x080116e5   Thumb Code    78  tcp.o(i.tcp_recv_null)
    tcp_recved                               0x080117a9   Thumb Code   170  tcp.o(i.tcp_recved)
    tcp_rexmit                               0x08011a0d   Thumb Code   146  tcp_out.o(i.tcp_rexmit)
    tcp_rexmit_fast                          0x08011b15   Thumb Code   150  tcp_out.o(i.tcp_rexmit_fast)
    tcp_rexmit_rto                           0x08011c29   Thumb Code    46  tcp_out.o(i.tcp_rexmit_rto)
    tcp_rexmit_rto_commit                    0x08011cd1   Thumb Code    56  tcp_out.o(i.tcp_rexmit_rto_commit)
    tcp_rexmit_rto_prepare                   0x08011d89   Thumb Code   168  tcp_out.o(i.tcp_rexmit_rto_prepare)
    tcp_rst                                  0x08011ed1   Thumb Code   164  tcp_out.o(i.tcp_rst)
    tcp_seg_copy                             0x08012039   Thumb Code    64  tcp.o(i.tcp_seg_copy)
    tcp_seg_free                             0x080120ed   Thumb Code    30  tcp.o(i.tcp_seg_free)
    tcp_segs_free                            0x0801210b   Thumb Code    24  tcp.o(i.tcp_segs_free)
    tcp_send_empty_ack                       0x08012125   Thumb Code   202  tcp_out.o(i.tcp_send_empty_ack)
    tcp_send_fin                             0x0801226d   Thumb Code   104  tcp_out.o(i.tcp_send_fin)
    tcp_sent                                 0x0801234d   Thumb Code    44  tcp.o(i.tcp_sent)
    tcp_setprio                              0x080123f9   Thumb Code    40  tcp.o(i.tcp_setprio)
    tcp_slowtmr                              0x08012495   Thumb Code  2072  tcp.o(i.tcp_slowtmr)
    tcp_split_unsent_seg                     0x08012e19   Thumb Code   530  tcp_out.o(i.tcp_split_unsent_seg)
    tcp_timer_needed                         0x080130fd   Thumb Code    38  timeouts.o(i.tcp_timer_needed)
    tcp_tmr                                  0x08013279   Thumb Code    30  tcp.o(i.tcp_tmr)
    tcp_trigger_input_pcb_close              0x0801329d   Thumb Code    14  tcp_in.o(i.tcp_trigger_input_pcb_close)
    tcp_update_rcv_ann_wnd                   0x080132b1   Thumb Code   128  tcp.o(i.tcp_update_rcv_ann_wnd)
    tcp_write                                0x080133c9   Thumb Code  2104  tcp_out.o(i.tcp_write)
    tcp_zero_window_probe                    0x08013e95   Thumb Code   360  tcp_out.o(i.tcp_zero_window_probe)
    tcpip_init                               0x0801412d   Thumb Code   104  tcpip.o(i.tcpip_init)
    tcpip_inpkt                              0x08014259   Thumb Code    94  tcpip.o(i.tcpip_inpkt)
    tcpip_input                              0x08014325   Thumb Code    40  tcpip.o(i.tcpip_input)
    tcpip_try_callback                       0x080145a5   Thumb Code    88  tcpip.o(i.tcpip_try_callback)
    udp_init                                 0x08014669   Thumb Code    20  udp.o(i.udp_init)
    udp_input                                0x08014681   Thumb Code   466  udp.o(i.udp_input)
    udp_netif_ip_addr_changed                0x08014a3d   Thumb Code    42  udp.o(i.udp_netif_ip_addr_changed)
    uxListRemove                             0x08014a6d   Thumb Code    40  list.o(i.uxListRemove)
    vApplicationGetIdleTaskMemory            0x08014a95   Thumb Code    14  cmsis_os2.o(i.vApplicationGetIdleTaskMemory)
    vApplicationGetTimerTaskMemory           0x08014aad   Thumb Code    16  cmsis_os2.o(i.vApplicationGetTimerTaskMemory)
    vListInitialise                          0x08014ac5   Thumb Code    26  list.o(i.vListInitialise)
    vListInitialiseItem                      0x08014adf   Thumb Code     6  list.o(i.vListInitialiseItem)
    vListInsert                              0x08014ae5   Thumb Code    52  list.o(i.vListInsert)
    vListInsertEnd                           0x08014b19   Thumb Code    24  list.o(i.vListInsertEnd)
    vPortEnterCritical                       0x08014b31   Thumb Code    76  port.o(i.vPortEnterCritical)
    vPortExitCritical                        0x08014b85   Thumb Code    56  port.o(i.vPortExitCritical)
    vPortFree                                0x08014bc1   Thumb Code   150  heap_4.o(i.vPortFree)
    vPortSetupTimerInterrupt                 0x08014c65   Thumb Code    36  port.o(i.vPortSetupTimerInterrupt)
    vPortValidateInterruptPriority           0x08014c8d   Thumb Code   106  port.o(i.vPortValidateInterruptPriority)
    vQueueAddToRegistry                      0x08014d05   Thumb Code    38  queue.o(i.vQueueAddToRegistry)
    vQueueDelete                             0x08014d31   Thumb Code    50  queue.o(i.vQueueDelete)
    vQueueUnregisterQueue                    0x08014d65   Thumb Code    44  queue.o(i.vQueueUnregisterQueue)
    vQueueWaitForMessageRestricted           0x08014d95   Thumb Code    74  queue.o(i.vQueueWaitForMessageRestricted)
    vTaskDelay                               0x08014de1   Thumb Code    82  tasks.o(i.vTaskDelay)
    vTaskInternalSetTimeOutState             0x08014e3d   Thumb Code    14  tasks.o(i.vTaskInternalSetTimeOutState)
    vTaskMissedYield                         0x08014e55   Thumb Code     8  tasks.o(i.vTaskMissedYield)
    vTaskPlaceOnEventList                    0x08014e61   Thumb Code    52  tasks.o(i.vTaskPlaceOnEventList)
    vTaskPlaceOnEventListRestricted          0x08014e99   Thumb Code    60  tasks.o(i.vTaskPlaceOnEventListRestricted)
    vTaskPriorityDisinheritAfterTimeout      0x08014ed9   Thumb Code   194  tasks.o(i.vTaskPriorityDisinheritAfterTimeout)
    vTaskStartScheduler                      0x08014fa9   Thumb Code   156  tasks.o(i.vTaskStartScheduler)
    vTaskSuspendAll                          0x08015061   Thumb Code    12  tasks.o(i.vTaskSuspendAll)
    vTaskSwitchContext                       0x08015071   Thumb Code   122  tasks.o(i.vTaskSwitchContext)
    xPortStartScheduler                      0x08015101   Thumb Code   330  port.o(i.xPortStartScheduler)
    xPortSysTickHandler                      0x08015269   Thumb Code    46  port.o(i.xPortSysTickHandler)
    xQueueCreateCountingSemaphore            0x0801529d   Thumb Code    92  queue.o(i.xQueueCreateCountingSemaphore)
    xQueueCreateCountingSemaphoreStatic      0x080152f9   Thumb Code   100  queue.o(i.xQueueCreateCountingSemaphoreStatic)
    xQueueCreateMutex                        0x0801535d   Thumb Code    34  queue.o(i.xQueueCreateMutex)
    xQueueCreateMutexStatic                  0x0801537f   Thumb Code    42  queue.o(i.xQueueCreateMutexStatic)
    xQueueGenericCreate                      0x080153a9   Thumb Code    90  queue.o(i.xQueueGenericCreate)
    xQueueGenericCreateStatic                0x08015403   Thumb Code   224  queue.o(i.xQueueGenericCreateStatic)
    xQueueGenericReset                       0x080154e5   Thumb Code   146  queue.o(i.xQueueGenericReset)
    xQueueGenericSend                        0x0801557d   Thumb Code   420  queue.o(i.xQueueGenericSend)
    xQueueGenericSendFromISR                 0x08015725   Thumb Code   252  queue.o(i.xQueueGenericSendFromISR)
    xQueueGiveFromISR                        0x08015821   Thumb Code   224  queue.o(i.xQueueGiveFromISR)
    xQueueGiveMutexRecursive                 0x08015901   Thumb Code    72  queue.o(i.xQueueGiveMutexRecursive)
    xQueueReceive                            0x08015949   Thumb Code   356  queue.o(i.xQueueReceive)
    xQueueReceiveFromISR                     0x08015ab1   Thumb Code   202  queue.o(i.xQueueReceiveFromISR)
    xQueueSemaphoreTake                      0x08015b7d   Thumb Code   434  queue.o(i.xQueueSemaphoreTake)
    xQueueTakeMutexRecursive                 0x08015d35   Thumb Code    78  queue.o(i.xQueueTakeMutexRecursive)
    xTaskCheckForTimeOut                     0x08015d85   Thumb Code   132  tasks.o(i.xTaskCheckForTimeOut)
    xTaskCreate                              0x08015e11   Thumb Code   100  tasks.o(i.xTaskCreate)
    xTaskCreateStatic                        0x08015e75   Thumb Code   186  tasks.o(i.xTaskCreateStatic)
    xTaskGetCurrentTaskHandle                0x08015f31   Thumb Code     6  tasks.o(i.xTaskGetCurrentTaskHandle)
    xTaskGetSchedulerState                   0x08015f3d   Thumb Code    24  tasks.o(i.xTaskGetSchedulerState)
    xTaskGetTickCount                        0x08015f5d   Thumb Code     6  tasks.o(i.xTaskGetTickCount)
    xTaskGetTickCountFromISR                 0x08015f69   Thumb Code    16  tasks.o(i.xTaskGetTickCountFromISR)
    xTaskIncrementTick                       0x08015f7d   Thumb Code   280  tasks.o(i.xTaskIncrementTick)
    xTaskPriorityDisinherit                  0x080160c1   Thumb Code   152  tasks.o(i.xTaskPriorityDisinherit)
    xTaskPriorityInherit                     0x08016165   Thumb Code   150  tasks.o(i.xTaskPriorityInherit)
    xTaskRemoveFromEventList                 0x08016209   Thumb Code   126  tasks.o(i.xTaskRemoveFromEventList)
    xTaskResumeAll                           0x080162a1   Thumb Code   222  tasks.o(i.xTaskResumeAll)
    xTimerCreateTimerTask                    0x080163a5   Thumb Code   100  timers.o(i.xTimerCreateTimerTask)
    xTimerGenericCommand                     0x0801641d   Thumb Code   128  timers.o(i.xTimerGenericCommand)
    _fp_init                                 0x080164a1   Thumb Code    10  fpinit.o(x$fpl$fpinit)
    __fplib_config_fpu_vfp                   0x080164a9   Thumb Code     0  fpinit.o(x$fpl$fpinit)
    __fplib_config_pureend_doubles           0x080164a9   Thumb Code     0  fpinit.o(x$fpl$fpinit)
    defaultTask_attributes                   0x080164ac   Data          36  freertos.o(.constdata)
    AHBPrescTable                            0x080164d0   Data          16  system_stm32f4xx.o(.constdata)
    APBPrescTable                            0x080164e0   Data           8  system_stm32f4xx.o(.constdata)
    memp_RX_POOL                             0x080164e8   Data          16  ethernetif.o(.constdata)
    ethbroadcast                             0x080164f8   Data           6  ethernet.o(.constdata)
    ethzero                                  0x080164fe   Data           6  ethernet.o(.constdata)
    http_ssi_tag_desc                        0x08016540   Data          16  httpd.o(.constdata)
    file__index_html                         0x0801df58   Data          20  fs.o(.constdata)
    memp_UDP_PCB                             0x0801df6c   Data          16  memp.o(.constdata)
    memp_TCP_PCB                             0x0801df7c   Data          16  memp.o(.constdata)
    memp_TCP_PCB_LISTEN                      0x0801df8c   Data          16  memp.o(.constdata)
    memp_TCP_SEG                             0x0801df9c   Data          16  memp.o(.constdata)
    memp_REASSDATA                           0x0801dfac   Data          16  memp.o(.constdata)
    memp_FRAG_PBUF                           0x0801dfbc   Data          16  memp.o(.constdata)
    memp_NETBUF                              0x0801dfcc   Data          16  memp.o(.constdata)
    memp_NETCONN                             0x0801dfdc   Data          16  memp.o(.constdata)
    memp_TCPIP_MSG_API                       0x0801dfec   Data          16  memp.o(.constdata)
    memp_TCPIP_MSG_INPKT                     0x0801dffc   Data          16  memp.o(.constdata)
    memp_SYS_TIMEOUT                         0x0801e00c   Data          16  memp.o(.constdata)
    memp_PBUF                                0x0801e01c   Data          16  memp.o(.constdata)
    memp_PBUF_POOL                           0x0801e02c   Data          16  memp.o(.constdata)
    memp_pools                               0x0801e03c   Data          52  memp.o(.constdata)
    tcp_pcb_lists                            0x0801e0b0   Data          16  tcp.o(.constdata)
    lwip_cyclic_timers                       0x0801e0c0   Data          24  timeouts.o(.constdata)
    lwip_num_cyclic_timers                   0x0801e0d8   Data           4  timeouts.o(.constdata)
    ip_addr_any                              0x0801e0dc   Data           4  ip4_addr.o(.constdata)
    ip_addr_broadcast                        0x0801e0e0   Data           4  ip4_addr.o(.constdata)
    Region$$Table$$Base                      0x0801e574   Number         0  anon$$obj.o(Region$$Table)
    Region$$Table$$Limit                     0x0801e594   Number         0  anon$$obj.o(Region$$Table)
    defaultTaskHandle                        0x20000000   Data           4  freertos.o(.data)
    __stdout                                 0x20000004   Data           4  usart.o(.data)
    uwTick                                   0x20000008   Data           4  stm32f4xx_hal.o(.data)
    uwTickPrio                               0x2000000c   Data           4  stm32f4xx_hal.o(.data)
    uwTickFreq                               0x20000010   Data           1  stm32f4xx_hal.o(.data)
    SystemCoreClock                          0x20000014   Data           4  system_stm32f4xx.o(.data)
    RxPktSemaphore                           0x20000020   Data           4  ethernetif.o(.data)
    TxPktSemaphore                           0x20000024   Data           4  ethernetif.o(.data)
    LAN8742_IOCtx                            0x20000028   Data          20  ethernetif.o(.data)
    ipaddr                                   0x2000003c   Data           4  lwip.o(.data)
    netmask                                  0x20000040   Data           4  lwip.o(.data)
    gw                                       0x20000044   Data           4  lwip.o(.data)
    IP_ADDRESS                               0x20000048   Data           4  lwip.o(.data)
    NETMASK_ADDRESS                          0x2000004c   Data           4  lwip.o(.data)
    GATEWAY_ADDRESS                          0x20000050   Data           4  lwip.o(.data)
    lock_tcpip_core                          0x200000bc   Data           4  tcpip.o(.data)
    netif_list                               0x20000104   Data           4  netif.o(.data)
    netif_default                            0x20000108   Data           4  netif.o(.data)
    pbuf_free_ooseq_pending                  0x2000010d   Data           1  pbuf.o(.data)
    tcp_ticks                                0x20000114   Data           4  tcp.o(.data)
    tcp_bound_pcbs                           0x20000118   Data           4  tcp.o(.data)
    tcp_listen_pcbs                          0x2000011c   Data           4  tcp.o(.data)
    tcp_active_pcbs                          0x20000120   Data           4  tcp.o(.data)
    tcp_tw_pcbs                              0x20000124   Data           4  tcp.o(.data)
    tcp_active_pcbs_changed                  0x20000128   Data           1  tcp.o(.data)
    tcp_input_pcb                            0x20000154   Data           4  tcp_in.o(.data)
    udp_pcbs                                 0x20000168   Data           4  udp.o(.data)
    errno                                    0x20000178   Data           4  sys_arch.o(.data)
    lwip_sys_mutex                           0x2000017c   Data           4  sys_arch.o(.data)
    pxCurrentTCB                             0x20000180   Data           4  tasks.o(.data)
    huart1                                   0x20000200   Data          72  usart.o(.bss)
    htim4                                    0x20000248   Data          72  stm32f4xx_hal_timebase_tim.o(.bss)
    memp_memory_RX_POOL_base                 0x20000290   Data       18819  ethernetif.o(.bss)
    DMARxDscrTab                             0x20004c14   Data         160  ethernetif.o(.bss)
    DMATxDscrTab                             0x20004cb4   Data         160  ethernetif.o(.bss)
    heth                                     0x20004d54   Data         176  ethernetif.o(.bss)
    TxConfig                                 0x20004e04   Data          56  ethernetif.o(.bss)
    LAN8742                                  0x20004e3c   Data          32  ethernetif.o(.bss)
    gnetif                                   0x20004e5c   Data          52  lwip.o(.bss)
    attributes                               0x20004e90   Data          36  lwip.o(.bss)
    ip_data                                  0x200052f4   Data          24  ip.o(.bss)
    ram_heap                                 0x2000530c   Data       16403  mem.o(.bss)
    memp_memory_UDP_PCB_base                 0x2000931f   Data         131  memp.o(.bss)
    memp_memory_TCP_PCB_base                 0x200093a2   Data         783  memp.o(.bss)
    memp_memory_TCP_PCB_LISTEN_base          0x200096b1   Data         227  memp.o(.bss)
    memp_memory_TCP_SEG_base                 0x20009794   Data         323  memp.o(.bss)
    memp_memory_REASSDATA_base               0x200098d7   Data         163  memp.o(.bss)
    memp_memory_FRAG_PBUF_base               0x2000997a   Data         363  memp.o(.bss)
    memp_memory_NETBUF_base                  0x20009ae5   Data          35  memp.o(.bss)
    memp_memory_NETCONN_base                 0x20009b08   Data         163  memp.o(.bss)
    memp_memory_TCPIP_MSG_API_base           0x20009bab   Data         131  memp.o(.bss)
    memp_memory_TCPIP_MSG_INPKT_base         0x20009c2e   Data         131  memp.o(.bss)
    memp_memory_SYS_TIMEOUT_base             0x20009cb1   Data          51  memp.o(.bss)
    memp_memory_PBUF_base                    0x20009ce4   Data         259  memp.o(.bss)
    memp_memory_PBUF_POOL_base               0x20009de7   Data        9731  memp.o(.bss)
    xQueueRegistry                           0x2000c4f0   Data          64  queue.o(.bss)
    _random_number_data                      0x20010dc4   Data         228  rand.o(.bss)
    __libspace_start                         0x20010ea8   Data          96  libspace.o(.bss)
    __temporary_stack_top$libspace           0x20010f08   Data           0  libspace.o(.bss)



==============================================================================

Memory Map of the image

  Image Entry point : 0x08000189

  Load Region LR_IROM1 (Base: 0x08000000, Size: 0x0001e794, Max: 0x00080000, ABSOLUTE, COMPRESSED[0x0001e5f4])

    Execution Region ER_IROM1 (Exec base: 0x08000000, Load base: 0x08000000, Size: 0x0001e594, Max: 0x00080000, ABSOLUTE)

    Exec Addr    Load Addr    Size         Type   Attr      Idx    E Section Name        Object

    0x08000000   0x08000000   0x00000188   Data   RO            3    RESET               startup_stm32f407xx.o
    0x08000188   0x08000188   0x00000008   Code   RO        10906  * !!!main             c_w.l(__main.o)
    0x08000190   0x08000190   0x00000034   Code   RO        11123    !!!scatter          c_w.l(__scatter.o)
    0x080001c4   0x080001c4   0x0000005a   Code   RO        11121    !!dczerorl2         c_w.l(__dczerorl2.o)
    0x0800021e   0x0800021e   0x00000002   PAD
    0x08000220   0x08000220   0x0000001c   Code   RO        11125    !!handler_zi        c_w.l(__scatter_zi.o)
    0x0800023c   0x0800023c   0x00000000   Code   RO        10870    .ARM.Collect$$_printf_percent$$00000000  c_w.l(_printf_percent.o)
    0x0800023c   0x0800023c   0x00000006   Code   RO        10867    .ARM.Collect$$_printf_percent$$00000002  c_w.l(_printf_p.o)
    0x08000242   0x08000242   0x00000006   Code   RO        10868    .ARM.Collect$$_printf_percent$$00000009  c_w.l(_printf_d.o)
    0x08000248   0x08000248   0x00000006   Code   RO        10869    .ARM.Collect$$_printf_percent$$0000000A  c_w.l(_printf_u.o)
    0x0800024e   0x0800024e   0x00000006   Code   RO        10865    .ARM.Collect$$_printf_percent$$00000014  c_w.l(_printf_s.o)
    0x08000254   0x08000254   0x00000004   Code   RO        10943    .ARM.Collect$$_printf_percent$$00000017  c_w.l(_printf_percent_end.o)
    0x08000258   0x08000258   0x00000002   Code   RO        11054    .ARM.Collect$$libinit$$00000000  c_w.l(libinit.o)
    0x0800025a   0x0800025a   0x00000004   Code   RO        10951    .ARM.Collect$$libinit$$00000001  c_w.l(libinit2.o)
    0x0800025e   0x0800025e   0x00000000   Code   RO        10954    .ARM.Collect$$libinit$$00000004  c_w.l(libinit2.o)
    0x0800025e   0x0800025e   0x00000000   Code   RO        10957    .ARM.Collect$$libinit$$0000000A  c_w.l(libinit2.o)
    0x0800025e   0x0800025e   0x00000000   Code   RO        10959    .ARM.Collect$$libinit$$0000000C  c_w.l(libinit2.o)
    0x0800025e   0x0800025e   0x00000004   Code   RO        10960    .ARM.Collect$$libinit$$0000000D  c_w.l(libinit2.o)
    0x08000262   0x08000262   0x00000000   Code   RO        10961    .ARM.Collect$$libinit$$0000000E  c_w.l(libinit2.o)
    0x08000262   0x08000262   0x00000000   Code   RO        10964    .ARM.Collect$$libinit$$00000011  c_w.l(libinit2.o)
    0x08000262   0x08000262   0x00000000   Code   RO        10966    .ARM.Collect$$libinit$$00000013  c_w.l(libinit2.o)
    0x08000262   0x08000262   0x00000000   Code   RO        10968    .ARM.Collect$$libinit$$00000015  c_w.l(libinit2.o)
    0x08000262   0x08000262   0x00000000   Code   RO        10970    .ARM.Collect$$libinit$$00000017  c_w.l(libinit2.o)
    0x08000262   0x08000262   0x00000000   Code   RO        10972    .ARM.Collect$$libinit$$00000019  c_w.l(libinit2.o)
    0x08000262   0x08000262   0x00000000   Code   RO        10974    .ARM.Collect$$libinit$$0000001B  c_w.l(libinit2.o)
    0x08000262   0x08000262   0x00000000   Code   RO        10976    .ARM.Collect$$libinit$$0000001D  c_w.l(libinit2.o)
    0x08000262   0x08000262   0x00000000   Code   RO        10978    .ARM.Collect$$libinit$$0000001F  c_w.l(libinit2.o)
    0x08000262   0x08000262   0x00000000   Code   RO        10980    .ARM.Collect$$libinit$$00000021  c_w.l(libinit2.o)
    0x08000262   0x08000262   0x00000000   Code   RO        10982    .ARM.Collect$$libinit$$00000023  c_w.l(libinit2.o)
    0x08000262   0x08000262   0x00000000   Code   RO        10984    .ARM.Collect$$libinit$$00000025  c_w.l(libinit2.o)
    0x08000262   0x08000262   0x00000000   Code   RO        10988    .ARM.Collect$$libinit$$0000002C  c_w.l(libinit2.o)
    0x08000262   0x08000262   0x00000000   Code   RO        10990    .ARM.Collect$$libinit$$0000002E  c_w.l(libinit2.o)
    0x08000262   0x08000262   0x00000000   Code   RO        10992    .ARM.Collect$$libinit$$00000030  c_w.l(libinit2.o)
    0x08000262   0x08000262   0x00000000   Code   RO        10994    .ARM.Collect$$libinit$$00000032  c_w.l(libinit2.o)
    0x08000262   0x08000262   0x00000002   Code   RO        10995    .ARM.Collect$$libinit$$00000033  c_w.l(libinit2.o)
    0x08000264   0x08000264   0x00000002   Code   RO        11086    .ARM.Collect$$libshutdown$$00000000  c_w.l(libshutdown.o)
    0x08000266   0x08000266   0x00000000   Code   RO        11102    .ARM.Collect$$libshutdown$$00000002  c_w.l(libshutdown2.o)
    0x08000266   0x08000266   0x00000000   Code   RO        11104    .ARM.Collect$$libshutdown$$00000004  c_w.l(libshutdown2.o)
    0x08000266   0x08000266   0x00000000   Code   RO        11106    .ARM.Collect$$libshutdown$$00000006  c_w.l(libshutdown2.o)
    0x08000266   0x08000266   0x00000000   Code   RO        11109    .ARM.Collect$$libshutdown$$00000009  c_w.l(libshutdown2.o)
    0x08000266   0x08000266   0x00000000   Code   RO        11112    .ARM.Collect$$libshutdown$$0000000C  c_w.l(libshutdown2.o)
    0x08000266   0x08000266   0x00000000   Code   RO        11114    .ARM.Collect$$libshutdown$$0000000E  c_w.l(libshutdown2.o)
    0x08000266   0x08000266   0x00000000   Code   RO        11117    .ARM.Collect$$libshutdown$$00000011  c_w.l(libshutdown2.o)
    0x08000266   0x08000266   0x00000002   Code   RO        11118    .ARM.Collect$$libshutdown$$00000012  c_w.l(libshutdown2.o)
    0x08000268   0x08000268   0x00000000   Code   RO        10922    .ARM.Collect$$rtentry$$00000000  c_w.l(__rtentry.o)
    0x08000268   0x08000268   0x00000000   Code   RO        11005    .ARM.Collect$$rtentry$$00000002  c_w.l(__rtentry2.o)
    0x08000268   0x08000268   0x00000006   Code   RO        11017    .ARM.Collect$$rtentry$$00000004  c_w.l(__rtentry4.o)
    0x0800026e   0x0800026e   0x00000000   Code   RO        11007    .ARM.Collect$$rtentry$$00000009  c_w.l(__rtentry2.o)
    0x0800026e   0x0800026e   0x00000004   Code   RO        11008    .ARM.Collect$$rtentry$$0000000A  c_w.l(__rtentry2.o)
    0x08000272   0x08000272   0x00000000   Code   RO        11010    .ARM.Collect$$rtentry$$0000000C  c_w.l(__rtentry2.o)
    0x08000272   0x08000272   0x00000008   Code   RO        11011    .ARM.Collect$$rtentry$$0000000D  c_w.l(__rtentry2.o)
    0x0800027a   0x0800027a   0x00000002   Code   RO        11055    .ARM.Collect$$rtexit$$00000000  c_w.l(rtexit.o)
    0x0800027c   0x0800027c   0x00000000   Code   RO        11070    .ARM.Collect$$rtexit$$00000002  c_w.l(rtexit2.o)
    0x0800027c   0x0800027c   0x00000004   Code   RO        11071    .ARM.Collect$$rtexit$$00000003  c_w.l(rtexit2.o)
    0x08000280   0x08000280   0x00000006   Code   RO        11072    .ARM.Collect$$rtexit$$00000004  c_w.l(rtexit2.o)
    0x08000286   0x08000286   0x00000002   PAD
    0x08000288   0x08000288   0x000000be   Code   RO        10727    .emb_text           port.o
    0x08000346   0x08000346   0x00000002   PAD
    0x08000348   0x08000348   0x00000034   Code   RO        10873    .emb_text           c_w.l(rand.o)
    0x0800037c   0x0800037c   0x00000040   Code   RO            4    .text               startup_stm32f407xx.o
    0x080003bc   0x080003bc   0x00000002   Code   RO        10806    .text               c_w.l(use_no_semi_2.o)
    0x080003be   0x080003be   0x000000ee   Code   RO        10810    .text               c_w.l(lludivv7m.o)
    0x080004ac   0x080004ac   0x00000018   Code   RO        10814    .text               c_w.l(noretval__2printf.o)
    0x080004c4   0x080004c4   0x00000052   Code   RO        10820    .text               c_w.l(_printf_str.o)
    0x08000516   0x08000516   0x00000002   PAD
    0x08000518   0x08000518   0x00000078   Code   RO        10822    .text               c_w.l(_printf_dec.o)
    0x08000590   0x08000590   0x0000007c   Code   RO        10836    .text               c_w.l(_printf_hex_int_ptr.o)
    0x0800060c   0x0800060c   0x00000138   Code   RO        10857    .text               c_w.l(__printf_flags_wp.o)
    0x08000744   0x08000744   0x0000003c   Code   RO        10874    .text               c_w.l(rand.o)
    0x08000780   0x08000780   0x00000014   Code   RO        10878    .text               c_w.l(strchr.o)
    0x08000794   0x08000794   0x00000024   Code   RO        10880    .text               c_w.l(strstr.o)
    0x080007b8   0x080007b8   0x00000058   Code   RO        10882    .text               c_w.l(memcmp.o)
    0x08000810   0x08000810   0x0000003e   Code   RO        10884    .text               c_w.l(strlen.o)
    0x0800084e   0x0800084e   0x00000096   Code   RO        10886    .text               c_w.l(strncmp.o)
    0x080008e4   0x080008e4   0x0000008a   Code   RO        10888    .text               c_w.l(rt_memcpy_v6.o)
    0x0800096e   0x0800096e   0x00000064   Code   RO        10892    .text               c_w.l(rt_memcpy_w.o)
    0x080009d2   0x080009d2   0x00000010   Code   RO        10896    .text               c_w.l(aeabi_memset.o)
    0x080009e2   0x080009e2   0x00000044   Code   RO        10898    .text               c_w.l(rt_memclr.o)
    0x08000a26   0x08000a26   0x0000004e   Code   RO        10900    .text               c_w.l(rt_memclr_w.o)
    0x08000a74   0x08000a74   0x00000080   Code   RO        10902    .text               c_w.l(strcmpv7m.o)
    0x08000af4   0x08000af4   0x00000006   Code   RO        10904    .text               c_w.l(heapauxi.o)
    0x08000afa   0x08000afa   0x00000002   Code   RO        10920    .text               c_w.l(use_no_semi.o)
    0x08000afc   0x08000afc   0x000000b2   Code   RO        10937    .text               c_w.l(_printf_intcommon.o)
    0x08000bae   0x08000bae   0x0000002c   Code   RO        10939    .text               c_w.l(_printf_char.o)
    0x08000bda   0x08000bda   0x00000002   PAD
    0x08000bdc   0x08000bdc   0x00000024   Code   RO        10941    .text               c_w.l(_printf_char_file.o)
    0x08000c00   0x08000c00   0x00000008   Code   RO        11001    .text               c_w.l(libspace.o)
    0x08000c08   0x08000c08   0x00000030   Code   RO        11021    .text               c_w.l(_printf_char_common.o)
    0x08000c38   0x08000c38   0x00000008   Code   RO        11025    .text               c_w.l(ferror.o)
    0x08000c40   0x08000c40   0x0000004a   Code   RO        11033    .text               c_w.l(sys_stackheap_outer.o)
    0x08000c8a   0x08000c8a   0x00000012   Code   RO        11039    .text               c_w.l(exit.o)
    0x08000c9c   0x08000c9c   0x00000004   Code   RO          766    i.BusFault_Handler  stm32f4xx_it.o
    0x08000ca0   0x08000ca0   0x00000002   Code   RO          767    i.DebugMon_Handler  stm32f4xx_it.o
    0x08000ca2   0x08000ca2   0x00000074   Code   RO         3083    i.ETH_DMARxDescListInit  stm32f4xx_hal_eth.o
    0x08000d16   0x08000d16   0x00000062   Code   RO         3084    i.ETH_DMATxDescListInit  stm32f4xx_hal_eth.o
    0x08000d78   0x08000d78   0x00000038   Code   RO         3085    i.ETH_FlushTransmitFIFO  stm32f4xx_hal_eth.o
    0x08000db0   0x08000db0   0x00000010   Code   RO          768    i.ETH_IRQHandler    stm32f4xx_it.o
    0x08000dc0   0x08000dc0   0x00000034   Code   RO         3086    i.ETH_MACAddressConfig  stm32f4xx_hal_eth.o
    0x08000df4   0x08000df4   0x000000b4   Code   RO         3087    i.ETH_MACDMAConfig  stm32f4xx_hal_eth.o
    0x08000ea8   0x08000ea8   0x00000004   Code   RO         3847    i.ETH_PHY_IO_DeInit  ethernetif.o
    0x08000eac   0x08000eac   0x00000008   Code   RO         3848    i.ETH_PHY_IO_GetTick  ethernetif.o
    0x08000eb4   0x08000eb4   0x00000010   Code   RO         3849    i.ETH_PHY_IO_Init   ethernetif.o
    0x08000ec4   0x08000ec4   0x00000024   Code   RO         3850    i.ETH_PHY_IO_ReadReg  ethernetif.o
    0x08000ee8   0x08000ee8   0x00000024   Code   RO         3851    i.ETH_PHY_IO_WriteReg  ethernetif.o
    0x08000f0c   0x08000f0c   0x000001ac   Code   RO         3088    i.ETH_Prepare_Tx_Descriptors  stm32f4xx_hal_eth.o
    0x080010b8   0x080010b8   0x000000c0   Code   RO         3089    i.ETH_SetDMAConfig  stm32f4xx_hal_eth.o
    0x08001178   0x08001178   0x000000fc   Code   RO         3090    i.ETH_SetMACConfig  stm32f4xx_hal_eth.o
    0x08001274   0x08001274   0x000000a8   Code   RO         3091    i.ETH_UpdateDescriptor  stm32f4xx_hal_eth.o
    0x0800131c   0x0800131c   0x00000006   Code   RO          446    i.Error_Handler     main.o
    0x08001322   0x08001322   0x00000002   PAD
    0x08001324   0x08001324   0x00000028   Code   RO         2832    i.HAL_Delay         stm32f4xx_hal.o
    0x0800134c   0x0800134c   0x00000020   Code   RO         3852    i.HAL_ETH_ErrorCallback  ethernetif.o
    0x0800136c   0x0800136c   0x00000008   Code   RO         3097    i.HAL_ETH_GetDMAError  stm32f4xx_hal_eth.o
    0x08001374   0x08001374   0x00000008   Code   RO         3098    i.HAL_ETH_GetError  stm32f4xx_hal_eth.o
    0x0800137c   0x0800137c   0x000000f2   Code   RO         3099    i.HAL_ETH_GetMACConfig  stm32f4xx_hal_eth.o
    0x0800146e   0x0800146e   0x00000002   PAD
    0x08001470   0x08001470   0x00000108   Code   RO         3105    i.HAL_ETH_IRQHandler  stm32f4xx_hal_eth.o
    0x08001578   0x08001578   0x00000104   Code   RO         3106    i.HAL_ETH_Init      stm32f4xx_hal_eth.o
    0x0800167c   0x0800167c   0x00000154   Code   RO         3854    i.HAL_ETH_MspInit   ethernetif.o
    0x080017d0   0x080017d0   0x00000002   Code   RO         3109    i.HAL_ETH_PMTCallback  stm32f4xx_hal_eth.o
    0x080017d2   0x080017d2   0x000000fa   Code   RO         3110    i.HAL_ETH_ReadData  stm32f4xx_hal_eth.o
    0x080018cc   0x080018cc   0x0000006a   Code   RO         3111    i.HAL_ETH_ReadPHYRegister  stm32f4xx_hal_eth.o
    0x08001936   0x08001936   0x00000084   Code   RO         3115    i.HAL_ETH_ReleaseTxPacket  stm32f4xx_hal_eth.o
    0x080019ba   0x080019ba   0x00000002   PAD
    0x080019bc   0x080019bc   0x00000048   Code   RO         3855    i.HAL_ETH_RxAllocateCallback  ethernetif.o
    0x08001a04   0x08001a04   0x00000014   Code   RO         3856    i.HAL_ETH_RxCpltCallback  ethernetif.o
    0x08001a18   0x08001a18   0x00000038   Code   RO         3857    i.HAL_ETH_RxLinkCallback  ethernetif.o
    0x08001a50   0x08001a50   0x00000024   Code   RO         3121    i.HAL_ETH_SetMACConfig  stm32f4xx_hal_eth.o
    0x08001a74   0x08001a74   0x00000058   Code   RO         3123    i.HAL_ETH_SetMDIOClockRange  stm32f4xx_hal_eth.o
    0x08001acc   0x08001acc   0x000000a8   Code   RO         3128    i.HAL_ETH_Start_IT  stm32f4xx_hal_eth.o
    0x08001b74   0x08001b74   0x000000bc   Code   RO         3130    i.HAL_ETH_Stop_IT   stm32f4xx_hal_eth.o
    0x08001c30   0x08001c30   0x00000084   Code   RO         3132    i.HAL_ETH_Transmit_IT  stm32f4xx_hal_eth.o
    0x08001cb4   0x08001cb4   0x00000014   Code   RO         3858    i.HAL_ETH_TxCpltCallback  ethernetif.o
    0x08001cc8   0x08001cc8   0x0000000c   Code   RO         3859    i.HAL_ETH_TxFreeCallback  ethernetif.o
    0x08001cd4   0x08001cd4   0x00000002   Code   RO         3138    i.HAL_ETH_WakeUpCallback  stm32f4xx_hal_eth.o
    0x08001cd6   0x08001cd6   0x00000068   Code   RO         3139    i.HAL_ETH_WritePHYRegister  stm32f4xx_hal_eth.o
    0x08001d3e   0x08001d3e   0x00000002   PAD
    0x08001d40   0x08001d40   0x000001f4   Code   RO         2283    i.HAL_GPIO_Init     stm32f4xx_hal_gpio.o
    0x08001f34   0x08001f34   0x0000000c   Code   RO         2287    i.HAL_GPIO_WritePin  stm32f4xx_hal_gpio.o
    0x08001f40   0x08001f40   0x0000000c   Code   RO         2838    i.HAL_GetTick       stm32f4xx_hal.o
    0x08001f4c   0x08001f4c   0x00000018   Code   RO         2844    i.HAL_IncTick       stm32f4xx_hal.o
    0x08001f64   0x08001f64   0x0000003c   Code   RO         2845    i.HAL_Init          stm32f4xx_hal.o
    0x08001fa0   0x08001fa0   0x000000b4   Code   RO          860    i.HAL_InitTick      stm32f4xx_hal_timebase_tim.o
    0x08002054   0x08002054   0x00000054   Code   RO          836    i.HAL_MspInit       stm32f4xx_hal_msp.o
    0x080020a8   0x080020a8   0x00000028   Code   RO         2675    i.HAL_NVIC_EnableIRQ  stm32f4xx_hal_cortex.o
    0x080020d0   0x080020d0   0x0000007c   Code   RO         2681    i.HAL_NVIC_SetPriority  stm32f4xx_hal_cortex.o
    0x0800214c   0x0800214c   0x00000028   Code   RO         2682    i.HAL_NVIC_SetPriorityGrouping  stm32f4xx_hal_cortex.o
    0x08002174   0x08002174   0x00000184   Code   RO         1884    i.HAL_RCC_ClockConfig  stm32f4xx_hal_rcc.o
    0x080022f8   0x080022f8   0x00000044   Code   RO         1888    i.HAL_RCC_GetClockConfig  stm32f4xx_hal_rcc.o
    0x0800233c   0x0800233c   0x0000000c   Code   RO         1889    i.HAL_RCC_GetHCLKFreq  stm32f4xx_hal_rcc.o
    0x08002348   0x08002348   0x00000020   Code   RO         1891    i.HAL_RCC_GetPCLK1Freq  stm32f4xx_hal_rcc.o
    0x08002368   0x08002368   0x00000020   Code   RO         1892    i.HAL_RCC_GetPCLK2Freq  stm32f4xx_hal_rcc.o
    0x08002388   0x08002388   0x000000b0   Code   RO         1893    i.HAL_RCC_GetSysClockFreq  stm32f4xx_hal_rcc.o
    0x08002438   0x08002438   0x0000049c   Code   RO         1896    i.HAL_RCC_OscConfig  stm32f4xx_hal_rcc.o
    0x080028d4   0x080028d4   0x00000002   Code   RO         1616    i.HAL_TIMEx_BreakCallback  stm32f4xx_hal_tim_ex.o
    0x080028d6   0x080028d6   0x00000002   Code   RO         1617    i.HAL_TIMEx_CommutCallback  stm32f4xx_hal_tim_ex.o
    0x080028d8   0x080028d8   0x00000066   Code   RO          901    i.HAL_TIM_Base_Init  stm32f4xx_hal_tim.o
    0x0800293e   0x0800293e   0x00000002   Code   RO          903    i.HAL_TIM_Base_MspInit  stm32f4xx_hal_tim.o
    0x08002940   0x08002940   0x000000a8   Code   RO          906    i.HAL_TIM_Base_Start_IT  stm32f4xx_hal_tim.o
    0x080029e8   0x080029e8   0x00000002   Code   RO          935    i.HAL_TIM_IC_CaptureCallback  stm32f4xx_hal_tim.o
    0x080029ea   0x080029ea   0x0000016c   Code   RO          949    i.HAL_TIM_IRQHandler  stm32f4xx_hal_tim.o
    0x08002b56   0x08002b56   0x00000002   Code   RO          952    i.HAL_TIM_OC_DelayElapsedCallback  stm32f4xx_hal_tim.o
    0x08002b58   0x08002b58   0x00000002   Code   RO          979    i.HAL_TIM_PWM_PulseFinishedCallback  stm32f4xx_hal_tim.o
    0x08002b5a   0x08002b5a   0x00000002   PAD
    0x08002b5c   0x08002b5c   0x00000018   Code   RO          447    i.HAL_TIM_PeriodElapsedCallback  main.o
    0x08002b74   0x08002b74   0x00000002   Code   RO          992    i.HAL_TIM_TriggerCallback  stm32f4xx_hal_tim.o
    0x08002b76   0x08002b76   0x00000076   Code   RO         3467    i.HAL_UART_Init     stm32f4xx_hal_uart.o
    0x08002bec   0x08002bec   0x00000088   Code   RO          696    i.HAL_UART_MspInit  usart.o
    0x08002c74   0x08002c74   0x000000be   Code   RO         3475    i.HAL_UART_Transmit  stm32f4xx_hal_uart.o
    0x08002d32   0x08002d32   0x00000004   Code   RO          769    i.HardFault_Handler  stm32f4xx_it.o
    0x08002d36   0x08002d36   0x000000ea   Code   RO         4079    i.LAN8742_GetLinkState  lan8742.o
    0x08002e20   0x08002e20   0x00000062   Code   RO         4080    i.LAN8742_Init      lan8742.o
    0x08002e82   0x08002e82   0x0000002e   Code   RO         4081    i.LAN8742_RegisterBusIO  lan8742.o
    0x08002eb0   0x08002eb0   0x00000020   Code   RO          592    i.MX_FREERTOS_Init  freertos.o
    0x08002ed0   0x08002ed0   0x000000b4   Code   RO          568    i.MX_GPIO_Init      gpio.o
    0x08002f84   0x08002f84   0x00000264   Code   RO         4010    i.MX_LWIP_Init      lwip.o
    0x080031e8   0x080031e8   0x00000038   Code   RO          697    i.MX_USART1_UART_Init  usart.o
    0x08003220   0x08003220   0x00000004   Code   RO          770    i.MemManage_Handler  stm32f4xx_it.o
    0x08003224   0x08003224   0x00000004   Code   RO          771    i.NMI_Handler       stm32f4xx_it.o
    0x08003228   0x08003228   0x00000012   Code   RO          593    i.StartDefaultTask  freertos.o
    0x0800323a   0x0800323a   0x00000016   Code   RO        10145    i.SysTick_Handler   cmsis_os2.o
    0x08003250   0x08003250   0x000000b4   Code   RO          450    i.SystemClock_Config  main.o
    0x08003304   0x08003304   0x00000014   Code   RO         3811    i.SystemInit        system_stm32f4xx.o
    0x08003318   0x08003318   0x00000010   Code   RO          772    i.TIM4_IRQHandler   stm32f4xx_it.o
    0x08003328   0x08003328   0x000000e8   Code   RO          994    i.TIM_Base_SetConfig  stm32f4xx_hal_tim.o
    0x08003410   0x08003410   0x0000006c   Code   RO         3490    i.UART_EndRxTransfer  stm32f4xx_hal_uart.o
    0x0800347c   0x0800347c   0x0000022c   Code   RO         3494    i.UART_SetConfig    stm32f4xx_hal_uart.o
    0x080036a8   0x080036a8   0x0000008c   Code   RO         3498    i.UART_WaitOnFlagUntilTimeout  stm32f4xx_hal_uart.o
    0x08003734   0x08003734   0x00000004   Code   RO          773    i.UsageFault_Handler  stm32f4xx_it.o
    0x08003738   0x08003738   0x00000010   Code   RO         2688    i.__NVIC_GetPriorityGrouping  stm32f4xx_hal_cortex.o
    0x08003748   0x08003748   0x00000028   Code   RO         2689    i.__NVIC_SetPriority  stm32f4xx_hal_cortex.o
    0x08003770   0x08003770   0x00000006   Code   RO        10147    i.__get_IPSR        cmsis_os2.o
    0x08003776   0x08003776   0x0000000e   Code   RO        10855    i._is_digit         c_w.l(__printf_wp.o)
    0x08003784   0x08003784   0x00000004   Code   RO          699    i._sys_exit         usart.o
    0x08003788   0x08003788   0x000000bc   Code   RO         6588    i.do_memp_free_pool  memp.o
    0x08003844   0x08003844   0x000000cc   Code   RO         6589    i.do_memp_malloc_pool  memp.o
    0x08003910   0x08003910   0x00000038   Code   RO         8046    i.etharp_cleanup_netif  etharp.o
    0x08003948   0x08003948   0x00000318   Code   RO         8048    i.etharp_find_entry  etharp.o
    0x08003c60   0x08003c60   0x00000078   Code   RO         8049    i.etharp_free_entry  etharp.o
    0x08003cd8   0x08003cd8   0x00000154   Code   RO         8051    i.etharp_input      etharp.o
    0x08003e2c   0x08003e2c   0x00000224   Code   RO         8052    i.etharp_output     etharp.o
    0x08004050   0x08004050   0x00000168   Code   RO         8053    i.etharp_output_to_arp_index  etharp.o
    0x080041b8   0x080041b8   0x000002bc   Code   RO         8054    i.etharp_query      etharp.o
    0x08004474   0x08004474   0x00000194   Code   RO         8055    i.etharp_raw        etharp.o
    0x08004608   0x08004608   0x0000001c   Code   RO         8056    i.etharp_request    etharp.o
    0x08004624   0x08004624   0x0000002c   Code   RO         8057    i.etharp_request_dst  etharp.o
    0x08004650   0x08004650   0x000000e4   Code   RO         8058    i.etharp_tmr        etharp.o
    0x08004734   0x08004734   0x00000168   Code   RO         8059    i.etharp_update_arp_entry  etharp.o
    0x0800489c   0x0800489c   0x000000d8   Code   RO         4691    i.ethernet_input    ethernet.o
    0x08004974   0x08004974   0x00000002   Code   RO         4011    i.ethernet_link_status_updated  lwip.o
    0x08004976   0x08004976   0x00000002   PAD
    0x08004978   0x08004978   0x000000d4   Code   RO         3860    i.ethernet_link_thread  ethernetif.o
    0x08004a4c   0x08004a4c   0x0000010c   Code   RO         4692    i.ethernet_output   ethernet.o
    0x08004b58   0x08004b58   0x00000098   Code   RO         3861    i.ethernetif_init   ethernetif.o
    0x08004bf0   0x08004bf0   0x00000040   Code   RO         3862    i.ethernetif_input  ethernetif.o
    0x08004c30   0x08004c30   0x0000007e   Code   RO         4894    i.extract_uri_parameters  httpd.o
    0x08004cae   0x08004cae   0x00000002   PAD
    0x08004cb0   0x08004cb0   0x0000001c   Code   RO          701    i.fputc             usart.o
    0x08004ccc   0x08004ccc   0x0000000a   Code   RO         5089    i.fs_bytes_left     fs.o
    0x08004cd6   0x08004cd6   0x00000002   Code   RO         5090    i.fs_close          fs.o
    0x08004cd8   0x08004cd8   0x00000044   Code   RO         5091    i.fs_open           fs.o
    0x08004d1c   0x08004d1c   0x000001d4   Code   RO         4895    i.get_tag_insert    httpd.o
    0x08004ef0   0x08004ef0   0x000000c8   Code   RO         4896    i.http_accept       httpd.o
    0x08004fb8   0x08004fb8   0x00000100   Code   RO         4897    i.http_check_eof    httpd.o
    0x080050b8   0x080050b8   0x00000012   Code   RO         4898    i.http_close_conn   httpd.o
    0x080050ca   0x080050ca   0x00000002   PAD
    0x080050cc   0x080050cc   0x000000b8   Code   RO         4899    i.http_close_or_abort_conn  httpd.o
    0x08005184   0x08005184   0x00000010   Code   RO         4900    i.http_eof          httpd.o
    0x08005194   0x08005194   0x00000040   Code   RO         4901    i.http_err          httpd.o
    0x080051d4   0x080051d4   0x00000224   Code   RO         4902    i.http_find_file    httpd.o
    0x080053f8   0x080053f8   0x00000064   Code   RO         4903    i.http_get_404_file  httpd.o
    0x0800545c   0x0800545c   0x000001b0   Code   RO         4904    i.http_init_file    httpd.o
    0x0800560c   0x0800560c   0x000003d8   Code   RO         4905    i.http_parse_request  httpd.o
    0x080059e4   0x080059e4   0x00000140   Code   RO         4906    i.http_poll         httpd.o
    0x08005b24   0x08005b24   0x00000220   Code   RO         4907    i.http_recv         httpd.o
    0x08005d44   0x08005d44   0x000000d4   Code   RO         4908    i.http_send         httpd.o
    0x08005e18   0x08005e18   0x00000048   Code   RO         4909    i.http_send_data_nonssi  httpd.o
    0x08005e60   0x08005e60   0x000004e0   Code   RO         4910    i.http_send_data_ssi  httpd.o
    0x08006340   0x08006340   0x00000048   Code   RO         4911    i.http_sent         httpd.o
    0x08006388   0x08006388   0x00000018   Code   RO         4914    i.http_ssi_state_alloc  httpd.o
    0x080063a0   0x080063a0   0x0000000e   Code   RO         4915    i.http_ssi_state_free  httpd.o
    0x080063ae   0x080063ae   0x00000016   Code   RO         4916    i.http_state_alloc  httpd.o
    0x080063c4   0x080063c4   0x00000030   Code   RO         4917    i.http_state_eof    httpd.o
    0x080063f4   0x080063f4   0x00000014   Code   RO         4918    i.http_state_free   httpd.o
    0x08006408   0x08006408   0x0000000e   Code   RO         4919    i.http_state_init   httpd.o
    0x08006416   0x08006416   0x00000002   PAD
    0x08006418   0x08006418   0x00000080   Code   RO         4920    i.http_uri_is_ssi   httpd.o
    0x08006498   0x08006498   0x000001bc   Code   RO         4921    i.http_write        httpd.o
    0x08006654   0x08006654   0x000000c4   Code   RO         4922    i.httpd_init        httpd.o
    0x08006718   0x08006718   0x0000010c   Code   RO         4923    i.httpd_init_pcb    httpd.o
    0x08006824   0x08006824   0x00000012   Code   RO         8149    i.icmp_dest_unreach  icmp.o
    0x08006836   0x08006836   0x00000002   PAD
    0x08006838   0x08006838   0x000002b4   Code   RO         8150    i.icmp_input        icmp.o
    0x08006aec   0x08006aec   0x00000134   Code   RO         8151    i.icmp_send_response  icmp.o
    0x08006c20   0x08006c20   0x00000012   Code   RO         8152    i.icmp_time_exceeded  icmp.o
    0x08006c32   0x08006c32   0x0000004e   Code   RO         8266    i.ip4_addr_isbroadcast_u32  ip4_addr.o
    0x08006c80   0x08006c80   0x000002cc   Code   RO         8334    i.ip4_frag          ip4_frag.o
    0x08006f4c   0x08006f4c   0x000001d4   Code   RO         8211    i.ip4_input         ip4.o
    0x08007120   0x08007120   0x0000003c   Code   RO         8212    i.ip4_input_accept  ip4.o
    0x0800715c   0x0800715c   0x00000036   Code   RO         8214    i.ip4_output_if     ip4.o
    0x08007192   0x08007192   0x00000002   PAD
    0x08007194   0x08007194   0x000001ac   Code   RO         8215    i.ip4_output_if_src  ip4.o
    0x08007340   0x08007340   0x00000314   Code   RO         8335    i.ip4_reass         ip4_frag.o
    0x08007654   0x08007654   0x00000098   Code   RO         8216    i.ip4_route         ip4.o
    0x080076ec   0x080076ec   0x0000000a   Code   RO         8336    i.ip_frag_alloc_pbuf_custom_ref  ip4_frag.o
    0x080076f6   0x080076f6   0x00000002   PAD
    0x080076f8   0x080076f8   0x00000098   Code   RO         8337    i.ip_frag_free_pbuf_custom_ref  ip4_frag.o
    0x08007790   0x08007790   0x00000304   Code   RO         8338    i.ip_reass_chain_frag_into_datagram_and_validate  ip4_frag.o
    0x08007a94   0x08007a94   0x000000c4   Code   RO         8339    i.ip_reass_dequeue_datagram  ip4_frag.o
    0x08007b58   0x08007b58   0x00000058   Code   RO         8340    i.ip_reass_enqueue_new_datagram  ip4_frag.o
    0x08007bb0   0x08007bb0   0x000001e0   Code   RO         8341    i.ip_reass_free_complete_datagram  ip4_frag.o
    0x08007d90   0x08007d90   0x00000088   Code   RO         8342    i.ip_reass_remove_oldest_datagram  ip4_frag.o
    0x08007e18   0x08007e18   0x0000003c   Code   RO         8343    i.ip_reass_tmr      ip4_frag.o
    0x08007e54   0x08007e54   0x000000c8   Code   RO         8344    i.ipfrag_free_pbuf_custom  ip4_frag.o
    0x08007f1c   0x08007f1c   0x000001f0   Code   RO         3863    i.low_level_init    ethernetif.o
    0x0800810c   0x0800810c   0x00000024   Code   RO         3864    i.low_level_input   ethernetif.o
    0x08008130   0x08008130   0x000000e4   Code   RO         3865    i.low_level_output  ethernetif.o
    0x08008214   0x08008214   0x00000050   Code   RO         7792    i.lwip_cyclic_timer  timeouts.o
    0x08008264   0x08008264   0x0000001a   Code   RO         6289    i.lwip_htonl        def.o
    0x0800827e   0x0800827e   0x0000000c   Code   RO         6290    i.lwip_htons        def.o
    0x0800828a   0x0800828a   0x00000002   PAD
    0x0800828c   0x0800828c   0x000000a0   Code   RO         6434    i.lwip_init         init.o
    0x0800832c   0x0800832c   0x00000030   Code   RO         5569    i.lwip_strerr       err.o
    0x0800835c   0x0800835c   0x0000003c   Code   RO         6292    i.lwip_stricmp      def.o
    0x08008398   0x08008398   0x0000004a   Code   RO         6294    i.lwip_strnstr      def.o
    0x080083e2   0x080083e2   0x00000028   Code   RO          451    i.main              main.o
    0x0800840a   0x0800840a   0x00000002   PAD
    0x0800840c   0x0800840c   0x00000224   Code   RO         6507    i.mem_free          mem.o
    0x08008630   0x08008630   0x000000f4   Code   RO         6508    i.mem_init          mem.o
    0x08008724   0x08008724   0x00000058   Code   RO         6509    i.mem_link_valid    mem.o
    0x0800877c   0x0800877c   0x000002c0   Code   RO         6510    i.mem_malloc        mem.o
    0x08008a3c   0x08008a3c   0x00000010   Code   RO         6511    i.mem_to_ptr        mem.o
    0x08008a4c   0x08008a4c   0x00000254   Code   RO         6512    i.mem_trim          mem.o
    0x08008ca0   0x08008ca0   0x000000b0   Code   RO         6590    i.memp_free         memp.o
    0x08008d50   0x08008d50   0x000000a0   Code   RO         6591    i.memp_free_pool    memp.o
    0x08008df0   0x08008df0   0x00000020   Code   RO         6592    i.memp_init         memp.o
    0x08008e10   0x08008e10   0x0000002c   Code   RO         6593    i.memp_init_pool    memp.o
    0x08008e3c   0x08008e3c   0x000000b0   Code   RO         6594    i.memp_malloc       memp.o
    0x08008eec   0x08008eec   0x00000098   Code   RO         6595    i.memp_malloc_pool  memp.o
    0x08008f84   0x08008f84   0x00000250   Code   RO         6698    i.netif_add         netif.o
    0x080091d4   0x080091d4   0x00000018   Code   RO         6700    i.netif_do_ip_addr_changed  netif.o
    0x080091ec   0x080091ec   0x0000002a   Code   RO         6701    i.netif_do_set_gw   netif.o
    0x08009216   0x08009216   0x00000002   PAD
    0x08009218   0x08009218   0x000000e4   Code   RO         6702    i.netif_do_set_ipaddr  netif.o
    0x080092fc   0x080092fc   0x0000002a   Code   RO         6703    i.netif_do_set_netmask  netif.o
    0x08009326   0x08009326   0x00000002   PAD
    0x08009328   0x08009328   0x00000028   Code   RO         6705    i.netif_get_by_index  netif.o
    0x08009350   0x08009350   0x00000002   Code   RO         6707    i.netif_init        netif.o
    0x08009352   0x08009352   0x00000002   PAD
    0x08009354   0x08009354   0x000000d8   Code   RO         6709    i.netif_issue_reports  netif.o
    0x0800942c   0x0800942c   0x00000008   Code   RO         6711    i.netif_null_output_ip4  netif.o
    0x08009434   0x08009434   0x00000060   Code   RO         6713    i.netif_set_addr    netif.o
    0x08009494   0x08009494   0x00000010   Code   RO         6714    i.netif_set_default  netif.o
    0x080094a4   0x080094a4   0x000000cc   Code   RO         6715    i.netif_set_down    netif.o
    0x08009570   0x08009570   0x00000006   Code   RO         6718    i.netif_set_link_callback  netif.o
    0x08009576   0x08009576   0x00000002   PAD
    0x08009578   0x08009578   0x000000cc   Code   RO         6719    i.netif_set_link_down  netif.o
    0x08009644   0x08009644   0x000000d4   Code   RO         6720    i.netif_set_link_up  netif.o
    0x08009718   0x08009718   0x000000c0   Code   RO         6722    i.netif_set_up      netif.o
    0x080097d8   0x080097d8   0x0000001e   Code   RO        10148    i.osDelay           cmsis_os2.o
    0x080097f6   0x080097f6   0x0000001a   Code   RO        10160    i.osKernelGetTickCount  cmsis_os2.o
    0x08009810   0x08009810   0x0000002c   Code   RO        10162    i.osKernelInitialize  cmsis_os2.o
    0x0800983c   0x0800983c   0x00000060   Code   RO        10165    i.osKernelStart     cmsis_os2.o
    0x0800989c   0x0800989c   0x00000080   Code   RO        10177    i.osMessageQueueGet  cmsis_os2.o
    0x0800991c   0x0800991c   0x0000009a   Code   RO        10182    i.osMessageQueueNew  cmsis_os2.o
    0x080099b6   0x080099b6   0x00000002   PAD
    0x080099b8   0x080099b8   0x00000084   Code   RO        10183    i.osMessageQueuePut  cmsis_os2.o
    0x08009a3c   0x08009a3c   0x00000062   Code   RO        10185    i.osMutexAcquire    cmsis_os2.o
    0x08009a9e   0x08009a9e   0x000000b2   Code   RO        10188    i.osMutexNew        cmsis_os2.o
    0x08009b50   0x08009b50   0x0000004e   Code   RO        10189    i.osMutexRelease    cmsis_os2.o
    0x08009b9e   0x08009b9e   0x00000002   PAD
    0x08009ba0   0x08009ba0   0x0000006c   Code   RO        10190    i.osSemaphoreAcquire  cmsis_os2.o
    0x08009c0c   0x08009c0c   0x000000cc   Code   RO        10193    i.osSemaphoreNew    cmsis_os2.o
    0x08009cd8   0x08009cd8   0x0000005c   Code   RO        10194    i.osSemaphoreRelease  cmsis_os2.o
    0x08009d34   0x08009d34   0x000000b8   Code   RO        10207    i.osThreadNew       cmsis_os2.o
    0x08009dec   0x08009dec   0x00000012   Code   RO         6887    i.pbuf_add_header   pbuf.o
    0x08009dfe   0x08009dfe   0x00000002   PAD
    0x08009e00   0x08009e00   0x000000f0   Code   RO         6889    i.pbuf_add_header_impl  pbuf.o
    0x08009ef0   0x08009ef0   0x000002a8   Code   RO         6890    i.pbuf_alloc        pbuf.o
    0x0800a198   0x0800a198   0x000000c0   Code   RO         6891    i.pbuf_alloc_reference  pbuf.o
    0x0800a258   0x0800a258   0x0000005a   Code   RO         6892    i.pbuf_alloced_custom  pbuf.o
    0x0800a2b2   0x0800a2b2   0x00000002   PAD
    0x0800a2b4   0x0800a2b4   0x00000150   Code   RO         6893    i.pbuf_cat          pbuf.o
    0x0800a404   0x0800a404   0x00000012   Code   RO         6895    i.pbuf_clen         pbuf.o
    0x0800a416   0x0800a416   0x00000002   PAD
    0x0800a418   0x0800a418   0x000000b0   Code   RO         6896    i.pbuf_clone        pbuf.o
    0x0800a4c8   0x0800a4c8   0x00000230   Code   RO         6898    i.pbuf_copy         pbuf.o
    0x0800a6f8   0x0800a6f8   0x00000140   Code   RO         6899    i.pbuf_copy_partial  pbuf.o
    0x0800a838   0x0800a838   0x000001b8   Code   RO         6901    i.pbuf_free         pbuf.o
    0x0800a9f0   0x0800a9f0   0x00000034   Code   RO         3866    i.pbuf_free_custom  ethernetif.o
    0x0800aa24   0x0800aa24   0x00000040   Code   RO         6903    i.pbuf_free_ooseq   pbuf.o
    0x0800aa64   0x0800aa64   0x0000000a   Code   RO         6904    i.pbuf_free_ooseq_callback  pbuf.o
    0x0800aa6e   0x0800aa6e   0x00000012   Code   RO         6908    i.pbuf_header_force  pbuf.o
    0x0800aa80   0x0800aa80   0x00000022   Code   RO         6909    i.pbuf_header_impl  pbuf.o
    0x0800aaa2   0x0800aaa2   0x0000001e   Code   RO         6910    i.pbuf_init_alloced_pbuf  pbuf.o
    0x0800aac0   0x0800aac0   0x00000044   Code   RO         6913    i.pbuf_pool_is_empty  pbuf.o
    0x0800ab04   0x0800ab04   0x00000168   Code   RO         6915    i.pbuf_realloc      pbuf.o
    0x0800ac6c   0x0800ac6c   0x000000a8   Code   RO         6916    i.pbuf_ref          pbuf.o
    0x0800ad14   0x0800ad14   0x000000f8   Code   RO         6917    i.pbuf_remove_header  pbuf.o
    0x0800ae0c   0x0800ae0c   0x000001d8   Code   RO         6513    i.plug_holes        mem.o
    0x0800afe4   0x0800afe4   0x0000007c   Code   RO         9585    i.prvAddCurrentTaskToDelayedList  tasks.o
    0x0800b060   0x0800b060   0x000000b8   Code   RO         9586    i.prvAddNewTaskToReadyList  tasks.o
    0x0800b118   0x0800b118   0x00000074   Code   RO         9961    i.prvCheckForValidListAndQueue  timers.o
    0x0800b18c   0x0800b18c   0x00000048   Code   RO         9587    i.prvCheckTasksWaitingTermination  tasks.o
    0x0800b1d4   0x0800b1d4   0x0000002a   Code   RO         9175    i.prvCopyDataFromQueue  queue.o
    0x0800b1fe   0x0800b1fe   0x0000007e   Code   RO         9176    i.prvCopyDataToQueue  queue.o
    0x0800b27c   0x0800b27c   0x00000050   Code   RO         9588    i.prvDeleteTCB      tasks.o
    0x0800b2cc   0x0800b2cc   0x00000014   Code   RO         9177    i.prvGetDisinheritPriorityAfterTimeout  queue.o
    0x0800b2e0   0x0800b2e0   0x00000028   Code   RO         9962    i.prvGetNextExpireTime  timers.o
    0x0800b308   0x0800b308   0x0000007c   Code   RO        10672    i.prvHeapInit       heap_4.o
    0x0800b384   0x0800b384   0x00000028   Code   RO         9589    i.prvIdleTask       tasks.o
    0x0800b3ac   0x0800b3ac   0x0000001e   Code   RO         9178    i.prvInitialiseMutex  queue.o
    0x0800b3ca   0x0800b3ca   0x0000002a   Code   RO         9179    i.prvInitialiseNewQueue  queue.o
    0x0800b3f4   0x0800b3f4   0x000000be   Code   RO         9590    i.prvInitialiseNewTask  tasks.o
    0x0800b4b2   0x0800b4b2   0x00000002   PAD
    0x0800b4b4   0x0800b4b4   0x00000068   Code   RO         9591    i.prvInitialiseTaskLists  tasks.o
    0x0800b51c   0x0800b51c   0x00000068   Code   RO        10673    i.prvInsertBlockIntoFreeList  heap_4.o
    0x0800b584   0x0800b584   0x00000058   Code   RO         9964    i.prvInsertTimerInActiveList  timers.o
    0x0800b5dc   0x0800b5dc   0x0000001a   Code   RO         9180    i.prvIsQueueEmpty   queue.o
    0x0800b5f6   0x0800b5f6   0x0000001e   Code   RO         9181    i.prvIsQueueFull    queue.o
    0x0800b614   0x0800b614   0x00000074   Code   RO         9965    i.prvProcessExpiredTimer  timers.o
    0x0800b688   0x0800b688   0x00000164   Code   RO         9966    i.prvProcessReceivedCommands  timers.o
    0x0800b7ec   0x0800b7ec   0x00000074   Code   RO         9967    i.prvProcessTimerOrBlockTask  timers.o
    0x0800b860   0x0800b860   0x00000034   Code   RO         9593    i.prvResetNextTaskUnblockTime  tasks.o
    0x0800b894   0x0800b894   0x0000002c   Code   RO         9968    i.prvSampleTimeNow  timers.o
    0x0800b8c0   0x0800b8c0   0x000000a4   Code   RO         9969    i.prvSwitchTimerLists  timers.o
    0x0800b964   0x0800b964   0x00000040   Code   RO        10728    i.prvTaskExitError  port.o
    0x0800b9a4   0x0800b9a4   0x0000001a   Code   RO         9970    i.prvTimerTask      timers.o
    0x0800b9be   0x0800b9be   0x0000007e   Code   RO         9182    i.prvUnlockQueue    queue.o
    0x0800ba3c   0x0800ba3c   0x00000010   Code   RO         6514    i.ptr_to_mem        mem.o
    0x0800ba4c   0x0800ba4c   0x0000014c   Code   RO        10674    i.pvPortMalloc      heap_4.o
    0x0800bb98   0x0800bb98   0x00000020   Code   RO         9596    i.pvTaskIncrementMutexHeldCount  tasks.o
    0x0800bbb8   0x0800bbb8   0x0000002c   Code   RO        10729    i.pxPortInitialiseStack  port.o
    0x0800bbe4   0x0800bbe4   0x00000048   Code   RO         8598    i.sys_arch_mbox_fetch  sys_arch.o
    0x0800bc2c   0x0800bc2c   0x00000018   Code   RO         8600    i.sys_arch_protect  sys_arch.o
    0x0800bc44   0x0800bc44   0x00000014   Code   RO         8602    i.sys_arch_unprotect  sys_arch.o
    0x0800bc58   0x0800bc58   0x00000054   Code   RO         7793    i.sys_check_timeouts  timeouts.o
    0x0800bcac   0x0800bcac   0x00000014   Code   RO         8603    i.sys_init          sys_arch.o
    0x0800bcc0   0x0800bcc0   0x00000020   Code   RO         8605    i.sys_mbox_new      sys_arch.o
    0x0800bce0   0x0800bce0   0x0000001e   Code   RO         8608    i.sys_mbox_trypost  sys_arch.o
    0x0800bcfe   0x0800bcfe   0x0000000e   Code   RO         8610    i.sys_mbox_valid    sys_arch.o
    0x0800bd0c   0x0800bd0c   0x00000010   Code   RO         8612    i.sys_mutex_lock    sys_arch.o
    0x0800bd1c   0x0800bd1c   0x0000001a   Code   RO         8613    i.sys_mutex_new     sys_arch.o
    0x0800bd36   0x0800bd36   0x0000000c   Code   RO         8614    i.sys_mutex_unlock  sys_arch.o
    0x0800bd42   0x0800bd42   0x00000008   Code   RO         3867    i.sys_now           ethernetif.o
    0x0800bd4a   0x0800bd4a   0x00000032   Code   RO         8620    i.sys_thread_new    sys_arch.o
    0x0800bd7c   0x0800bd7c   0x000000d0   Code   RO         7795    i.sys_timeout       timeouts.o
    0x0800be4c   0x0800be4c   0x00000140   Code   RO         7796    i.sys_timeout_abs   timeouts.o
    0x0800bf8c   0x0800bf8c   0x00000028   Code   RO         7797    i.sys_timeouts_init  timeouts.o
    0x0800bfb4   0x0800bfb4   0x000000cc   Code   RO         7798    i.sys_timeouts_sleeptime  timeouts.o
    0x0800c080   0x0800c080   0x000001d8   Code   RO         7183    i.tcp_abandon       tcp.o
    0x0800c258   0x0800c258   0x0000000e   Code   RO         7184    i.tcp_abort         tcp.o
    0x0800c266   0x0800c266   0x00000010   Code   RO         7185    i.tcp_accept        tcp.o
    0x0800c276   0x0800c276   0x00000002   PAD
    0x0800c278   0x0800c278   0x000000a8   Code   RO         7186    i.tcp_accept_null   tcp.o
    0x0800c320   0x0800c320   0x000001dc   Code   RO         7187    i.tcp_alloc         tcp.o
    0x0800c4fc   0x0800c4fc   0x00000006   Code   RO         7188    i.tcp_arg           tcp.o
    0x0800c502   0x0800c502   0x00000002   PAD
    0x0800c504   0x0800c504   0x0000019c   Code   RO         7189    i.tcp_bind          tcp.o
    0x0800c6a0   0x0800c6a0   0x000000dc   Code   RO         7191    i.tcp_close         tcp.o
    0x0800c77c   0x0800c77c   0x0000020c   Code   RO         7192    i.tcp_close_shutdown  tcp.o
    0x0800c988   0x0800c988   0x000000e8   Code   RO         7193    i.tcp_close_shutdown_fin  tcp.o
    0x0800ca70   0x0800ca70   0x000001e0   Code   RO         7632    i.tcp_create_segment  tcp_out.o
    0x0800cc50   0x0800cc50   0x0000002c   Code   RO         7198    i.tcp_debug_print_state  tcp.o
    0x0800cc7c   0x0800cc7c   0x00000010   Code   RO         7199    i.tcp_debug_state_str  tcp.o
    0x0800cc8c   0x0800cc8c   0x000000d4   Code   RO         7200    i.tcp_eff_send_mss_netif  tcp.o
    0x0800cd60   0x0800cd60   0x000002d0   Code   RO         7633    i.tcp_enqueue_flags  tcp_out.o
    0x0800d030   0x0800d030   0x000000ac   Code   RO         7201    i.tcp_err           tcp.o
    0x0800d0dc   0x0800d0dc   0x000000f0   Code   RO         7202    i.tcp_fasttmr       tcp.o
    0x0800d1cc   0x0800d1cc   0x00000094   Code   RO         7203    i.tcp_free          tcp.o
    0x0800d260   0x0800d260   0x0000016c   Code   RO         7543    i.tcp_free_acked_segments  tcp_in.o
    0x0800d3cc   0x0800d3cc   0x0000009c   Code   RO         7204    i.tcp_free_listen   tcp.o
    0x0800d468   0x0800d468   0x00000014   Code   RO         7205    i.tcp_free_ooseq    tcp.o
    0x0800d47c   0x0800d47c   0x00000048   Code   RO         7544    i.tcp_get_next_optbyte  tcp_in.o
    0x0800d4c4   0x0800d4c4   0x00000068   Code   RO         7206    i.tcp_handle_closepend  tcp.o
    0x0800d52c   0x0800d52c   0x00000018   Code   RO         7207    i.tcp_init          tcp.o
    0x0800d544   0x0800d544   0x00000870   Code   RO         7545    i.tcp_input         tcp_in.o
    0x0800ddb4   0x0800ddb4   0x000000e8   Code   RO         7546    i.tcp_input_delayed_close  tcp_in.o
    0x0800de9c   0x0800de9c   0x000001f8   Code   RO         7634    i.tcp_keepalive     tcp_out.o
    0x0800e094   0x0800e094   0x000000a4   Code   RO         7208    i.tcp_kill_prio     tcp.o
    0x0800e138   0x0800e138   0x00000120   Code   RO         7209    i.tcp_kill_state    tcp.o
    0x0800e258   0x0800e258   0x00000088   Code   RO         7210    i.tcp_kill_timewait  tcp.o
    0x0800e2e0   0x0800e2e0   0x000000d4   Code   RO         7211    i.tcp_listen_closed  tcp.o
    0x0800e3b4   0x0800e3b4   0x00000270   Code   RO         7547    i.tcp_listen_input  tcp_in.o
    0x0800e624   0x0800e624   0x00000012   Code   RO         7212    i.tcp_listen_with_backlog  tcp.o
    0x0800e636   0x0800e636   0x00000002   PAD
    0x0800e638   0x0800e638   0x000001c4   Code   RO         7213    i.tcp_listen_with_backlog_and_err  tcp.o
    0x0800e7fc   0x0800e7fc   0x0000004c   Code   RO         7214    i.tcp_netif_ip_addr_changed  tcp.o
    0x0800e848   0x0800e848   0x000000d4   Code   RO         7215    i.tcp_netif_ip_addr_changed_pcblist  tcp.o
    0x0800e91c   0x0800e91c   0x00000010   Code   RO         7217    i.tcp_new_ip_type   tcp.o
    0x0800e92c   0x0800e92c   0x00000068   Code   RO         7218    i.tcp_new_port      tcp.o
    0x0800e994   0x0800e994   0x000000b0   Code   RO         7219    i.tcp_next_iss      tcp.o
    0x0800ea44   0x0800ea44   0x0000012c   Code   RO         7548    i.tcp_oos_insert_segment  tcp_in.o
    0x0800eb70   0x0800eb70   0x00000374   Code   RO         7635    i.tcp_output        tcp_out.o
    0x0800eee4   0x0800eee4   0x000000dc   Code   RO         7636    i.tcp_output_alloc_header  tcp_out.o
    0x0800efc0   0x0800efc0   0x00000124   Code   RO         7637    i.tcp_output_alloc_header_common  tcp_out.o
    0x0800f0e4   0x0800f0e4   0x000000fc   Code   RO         7638    i.tcp_output_control_segment  tcp_out.o
    0x0800f1e0   0x0800f1e0   0x00000124   Code   RO         7639    i.tcp_output_fill_options  tcp_out.o
    0x0800f304   0x0800f304   0x00000258   Code   RO         7640    i.tcp_output_segment  tcp_out.o
    0x0800f55c   0x0800f55c   0x000000b4   Code   RO         7641    i.tcp_output_segment_busy  tcp_out.o
    0x0800f610   0x0800f610   0x00000148   Code   RO         7549    i.tcp_parseopt      tcp_in.o
    0x0800f758   0x0800f758   0x00000178   Code   RO         7642    i.tcp_pbuf_prealloc  tcp_out.o
    0x0800f8d0   0x0800f8d0   0x000001dc   Code   RO         7220    i.tcp_pcb_purge     tcp.o
    0x0800faac   0x0800faac   0x00000210   Code   RO         7221    i.tcp_pcb_remove    tcp.o
    0x0800fcbc   0x0800fcbc   0x000001a4   Code   RO         7222    i.tcp_pcbs_sane     tcp.o
    0x0800fe60   0x0800fe60   0x000000dc   Code   RO         7223    i.tcp_poll          tcp.o
    0x0800ff3c   0x0800ff3c   0x00000914   Code   RO         7550    i.tcp_process       tcp_in.o
    0x08010850   0x08010850   0x0000013c   Code   RO         7224    i.tcp_process_refused_data  tcp.o
    0x0801098c   0x0801098c   0x00000cac   Code   RO         7551    i.tcp_receive       tcp_in.o
    0x08011638   0x08011638   0x000000ac   Code   RO         7225    i.tcp_recv          tcp.o
    0x080116e4   0x080116e4   0x000000c4   Code   RO         7226    i.tcp_recv_null     tcp.o
    0x080117a8   0x080117a8   0x000001b0   Code   RO         7227    i.tcp_recved        tcp.o
    0x08011958   0x08011958   0x000000b4   Code   RO         7228    i.tcp_remove_listener  tcp.o
    0x08011a0c   0x08011a0c   0x00000108   Code   RO         7643    i.tcp_rexmit        tcp_out.o
    0x08011b14   0x08011b14   0x00000114   Code   RO         7644    i.tcp_rexmit_fast   tcp_out.o
    0x08011c28   0x08011c28   0x000000a8   Code   RO         7645    i.tcp_rexmit_rto    tcp_out.o
    0x08011cd0   0x08011cd0   0x000000b8   Code   RO         7646    i.tcp_rexmit_rto_commit  tcp_out.o
    0x08011d88   0x08011d88   0x00000128   Code   RO         7647    i.tcp_rexmit_rto_prepare  tcp_out.o
    0x08011eb0   0x08011eb0   0x0000001e   Code   RO         7648    i.tcp_route         tcp_out.o
    0x08011ece   0x08011ece   0x00000002   PAD
    0x08011ed0   0x08011ed0   0x00000168   Code   RO         7649    i.tcp_rst           tcp_out.o
    0x08012038   0x08012038   0x000000b4   Code   RO         7229    i.tcp_seg_copy      tcp.o
    0x080120ec   0x080120ec   0x0000001e   Code   RO         7230    i.tcp_seg_free      tcp.o
    0x0801210a   0x0801210a   0x00000018   Code   RO         7231    i.tcp_segs_free     tcp.o
    0x08012122   0x08012122   0x00000002   PAD
    0x08012124   0x08012124   0x00000148   Code   RO         7650    i.tcp_send_empty_ack  tcp_out.o
    0x0801226c   0x0801226c   0x000000e0   Code   RO         7651    i.tcp_send_fin      tcp_out.o
    0x0801234c   0x0801234c   0x000000ac   Code   RO         7232    i.tcp_sent          tcp.o
    0x080123f8   0x080123f8   0x0000009c   Code   RO         7233    i.tcp_setprio       tcp.o
    0x08012494   0x08012494   0x00000984   Code   RO         7235    i.tcp_slowtmr       tcp.o
    0x08012e18   0x08012e18   0x000002e4   Code   RO         7652    i.tcp_split_unsent_seg  tcp_out.o
    0x080130fc   0x080130fc   0x00000038   Code   RO         7800    i.tcp_timer_needed  timeouts.o
    0x08013134   0x08013134   0x00000144   Code   RO         7552    i.tcp_timewait_input  tcp_in.o
    0x08013278   0x08013278   0x00000024   Code   RO         7237    i.tcp_tmr           tcp.o
    0x0801329c   0x0801329c   0x00000014   Code   RO         7553    i.tcp_trigger_input_pcb_close  tcp_in.o
    0x080132b0   0x080132b0   0x00000118   Code   RO         7239    i.tcp_update_rcv_ann_wnd  tcp.o
    0x080133c8   0x080133c8   0x00000908   Code   RO         7653    i.tcp_write         tcp_out.o
    0x08013cd0   0x08013cd0   0x000001c4   Code   RO         7654    i.tcp_write_checks  tcp_out.o
    0x08013e94   0x08013e94   0x00000298   Code   RO         7655    i.tcp_zero_window_probe  tcp_out.o
    0x0801412c   0x0801412c   0x0000012c   Code   RO         6115    i.tcpip_init        tcpip.o
    0x08014258   0x08014258   0x000000cc   Code   RO         6116    i.tcpip_inpkt       tcpip.o
    0x08014324   0x08014324   0x00000030   Code   RO         6117    i.tcpip_input       tcpip.o
    0x08014354   0x08014354   0x00000038   Code   RO         7801    i.tcpip_tcp_timer   timeouts.o
    0x0801438c   0x0801438c   0x000000d4   Code   RO         6119    i.tcpip_thread      tcpip.o
    0x08014460   0x08014460   0x000000e4   Code   RO         6120    i.tcpip_thread_handle_msg  tcpip.o
    0x08014544   0x08014544   0x00000060   Code   RO         6121    i.tcpip_timeouts_mbox_fetch  tcpip.o
    0x080145a4   0x080145a4   0x000000c4   Code   RO         6122    i.tcpip_try_callback  tcpip.o
    0x08014668   0x08014668   0x00000018   Code   RO         7884    i.udp_init          udp.o
    0x08014680   0x08014680   0x00000284   Code   RO         7885    i.udp_input         udp.o
    0x08014904   0x08014904   0x00000138   Code   RO         7886    i.udp_input_local_match  udp.o
    0x08014a3c   0x08014a3c   0x00000030   Code   RO         7887    i.udp_netif_ip_addr_changed  udp.o
    0x08014a6c   0x08014a6c   0x00000028   Code   RO         9138    i.uxListRemove      list.o
    0x08014a94   0x08014a94   0x00000018   Code   RO        10219    i.vApplicationGetIdleTaskMemory  cmsis_os2.o
    0x08014aac   0x08014aac   0x00000018   Code   RO        10220    i.vApplicationGetTimerTaskMemory  cmsis_os2.o
    0x08014ac4   0x08014ac4   0x0000001a   Code   RO         9139    i.vListInitialise   list.o
    0x08014ade   0x08014ade   0x00000006   Code   RO         9140    i.vListInitialiseItem  list.o
    0x08014ae4   0x08014ae4   0x00000034   Code   RO         9141    i.vListInsert       list.o
    0x08014b18   0x08014b18   0x00000018   Code   RO         9142    i.vListInsertEnd    list.o
    0x08014b30   0x08014b30   0x00000054   Code   RO        10731    i.vPortEnterCritical  port.o
    0x08014b84   0x08014b84   0x0000003c   Code   RO        10732    i.vPortExitCritical  port.o
    0x08014bc0   0x08014bc0   0x000000a4   Code   RO        10675    i.vPortFree         heap_4.o
    0x08014c64   0x08014c64   0x00000028   Code   RO        10733    i.vPortSetupTimerInterrupt  port.o
    0x08014c8c   0x08014c8c   0x00000078   Code   RO        10734    i.vPortValidateInterruptPriority  port.o
    0x08014d04   0x08014d04   0x0000002c   Code   RO         9188    i.vQueueAddToRegistry  queue.o
    0x08014d30   0x08014d30   0x00000032   Code   RO         9189    i.vQueueDelete      queue.o
    0x08014d62   0x08014d62   0x00000002   PAD
    0x08014d64   0x08014d64   0x00000030   Code   RO         9191    i.vQueueUnregisterQueue  queue.o
    0x08014d94   0x08014d94   0x0000004a   Code   RO         9192    i.vQueueWaitForMessageRestricted  queue.o
    0x08014dde   0x08014dde   0x00000002   PAD
    0x08014de0   0x08014de0   0x0000005c   Code   RO         9606    i.vTaskDelay        tasks.o
    0x08014e3c   0x08014e3c   0x00000018   Code   RO         9611    i.vTaskInternalSetTimeOutState  tasks.o
    0x08014e54   0x08014e54   0x0000000c   Code   RO         9612    i.vTaskMissedYield  tasks.o
    0x08014e60   0x08014e60   0x00000038   Code   RO         9614    i.vTaskPlaceOnEventList  tasks.o
    0x08014e98   0x08014e98   0x00000040   Code   RO         9615    i.vTaskPlaceOnEventListRestricted  tasks.o
    0x08014ed8   0x08014ed8   0x000000d0   Code   RO         9617    i.vTaskPriorityDisinheritAfterTimeout  tasks.o
    0x08014fa8   0x08014fa8   0x000000b8   Code   RO         9623    i.vTaskStartScheduler  tasks.o
    0x08015060   0x08015060   0x00000010   Code   RO         9625    i.vTaskSuspendAll   tasks.o
    0x08015070   0x08015070   0x00000090   Code   RO         9626    i.vTaskSwitchContext  tasks.o
    0x08015100   0x08015100   0x00000168   Code   RO        10735    i.xPortStartScheduler  port.o
    0x08015268   0x08015268   0x00000034   Code   RO        10736    i.xPortSysTickHandler  port.o
    0x0801529c   0x0801529c   0x0000005c   Code   RO         9193    i.xQueueCreateCountingSemaphore  queue.o
    0x080152f8   0x080152f8   0x00000064   Code   RO         9194    i.xQueueCreateCountingSemaphoreStatic  queue.o
    0x0801535c   0x0801535c   0x00000022   Code   RO         9195    i.xQueueCreateMutex  queue.o
    0x0801537e   0x0801537e   0x0000002a   Code   RO         9196    i.xQueueCreateMutexStatic  queue.o
    0x080153a8   0x080153a8   0x0000005a   Code   RO         9197    i.xQueueGenericCreate  queue.o
    0x08015402   0x08015402   0x000000e0   Code   RO         9198    i.xQueueGenericCreateStatic  queue.o
    0x080154e2   0x080154e2   0x00000002   PAD
    0x080154e4   0x080154e4   0x00000098   Code   RO         9199    i.xQueueGenericReset  queue.o
    0x0801557c   0x0801557c   0x000001a8   Code   RO         9200    i.xQueueGenericSend  queue.o
    0x08015724   0x08015724   0x000000fc   Code   RO         9201    i.xQueueGenericSendFromISR  queue.o
    0x08015820   0x08015820   0x000000e0   Code   RO         9204    i.xQueueGiveFromISR  queue.o
    0x08015900   0x08015900   0x00000048   Code   RO         9205    i.xQueueGiveMutexRecursive  queue.o
    0x08015948   0x08015948   0x00000168   Code   RO         9210    i.xQueueReceive     queue.o
    0x08015ab0   0x08015ab0   0x000000ca   Code   RO         9211    i.xQueueReceiveFromISR  queue.o
    0x08015b7a   0x08015b7a   0x00000002   PAD
    0x08015b7c   0x08015b7c   0x000001b8   Code   RO         9212    i.xQueueSemaphoreTake  queue.o
    0x08015d34   0x08015d34   0x0000004e   Code   RO         9213    i.xQueueTakeMutexRecursive  queue.o
    0x08015d82   0x08015d82   0x00000002   PAD
    0x08015d84   0x08015d84   0x0000008c   Code   RO         9628    i.xTaskCheckForTimeOut  tasks.o
    0x08015e10   0x08015e10   0x00000064   Code   RO         9629    i.xTaskCreate       tasks.o
    0x08015e74   0x08015e74   0x000000ba   Code   RO         9630    i.xTaskCreateStatic  tasks.o
    0x08015f2e   0x08015f2e   0x00000002   PAD
    0x08015f30   0x08015f30   0x0000000c   Code   RO         9633    i.xTaskGetCurrentTaskHandle  tasks.o
    0x08015f3c   0x08015f3c   0x00000020   Code   RO         9634    i.xTaskGetSchedulerState  tasks.o
    0x08015f5c   0x08015f5c   0x0000000c   Code   RO         9635    i.xTaskGetTickCount  tasks.o
    0x08015f68   0x08015f68   0x00000014   Code   RO         9636    i.xTaskGetTickCountFromISR  tasks.o
    0x08015f7c   0x08015f7c   0x00000144   Code   RO         9637    i.xTaskIncrementTick  tasks.o
    0x080160c0   0x080160c0   0x000000a4   Code   RO         9640    i.xTaskPriorityDisinherit  tasks.o
    0x08016164   0x08016164   0x000000a4   Code   RO         9641    i.xTaskPriorityInherit  tasks.o
    0x08016208   0x08016208   0x00000098   Code   RO         9642    i.xTaskRemoveFromEventList  tasks.o
    0x080162a0   0x080162a0   0x00000104   Code   RO         9643    i.xTaskResumeAll    tasks.o
    0x080163a4   0x080163a4   0x00000078   Code   RO         9979    i.xTimerCreateTimerTask  timers.o
    0x0801641c   0x0801641c   0x00000084   Code   RO         9980    i.xTimerGenericCommand  timers.o
    0x080164a0   0x080164a0   0x0000000a   Code   RO        11031    x$fpl$fpinit        fz_wm.l(fpinit.o)
    0x080164aa   0x080164aa   0x00000002   PAD
    0x080164ac   0x080164ac   0x00000024   Data   RO          594    .constdata          freertos.o
    0x080164d0   0x080164d0   0x00000018   Data   RO         3812    .constdata          system_stm32f4xx.o
    0x080164e8   0x080164e8   0x00000010   Data   RO         3869    .constdata          ethernetif.o
    0x080164f8   0x080164f8   0x0000000c   Data   RO         4693    .constdata          ethernet.o
    0x08016504   0x08016504   0x0000004c   Data   RO         4925    .constdata          httpd.o
    0x08016550   0x08016550   0x00007a1c   Data   RO         5092    .constdata          fs.o
    0x0801df6c   0x0801df6c   0x00000104   Data   RO         6597    .constdata          memp.o
    0x0801e070   0x0801e070   0x00000050   Data   RO         7240    .constdata          tcp.o
    0x0801e0c0   0x0801e0c0   0x0000001c   Data   RO         7802    .constdata          timeouts.o
    0x0801e0dc   0x0801e0dc   0x00000008   Data   RO         8273    .constdata          ip4_addr.o
    0x0801e0e4   0x0801e0e4   0x00000028   Data   RO        10837    .constdata          c_w.l(_printf_hex_int_ptr.o)
    0x0801e10c   0x0801e10c   0x00000011   Data   RO        10858    .constdata          c_w.l(__printf_flags_wp.o)
    0x0801e11d   0x0801e11d   0x00000003   PAD
    0x0801e120   0x0801e120   0x0000000c   Data   RO          595    .conststring        freertos.o
    0x0801e12c   0x0801e12c   0x00000017   Data   RO         3870    .conststring        ethernetif.o
    0x0801e143   0x0801e143   0x00000001   PAD
    0x0801e144   0x0801e144   0x0000007a   Data   RO         4926    .conststring        httpd.o
    0x0801e1be   0x0801e1be   0x00000002   PAD
    0x0801e1c0   0x0801e1c0   0x00000139   Data   RO         5571    .conststring        err.o
    0x0801e2f9   0x0801e2f9   0x00000003   PAD
    0x0801e2fc   0x0801e2fc   0x00000041   Data   RO         6435    .conststring        init.o
    0x0801e33d   0x0801e33d   0x00000003   PAD
    0x0801e340   0x0801e340   0x00000098   Data   RO         6598    .conststring        memp.o
    0x0801e3d8   0x0801e3d8   0x0000006d   Data   RO         7241    .conststring        tcp.o
    0x0801e445   0x0801e445   0x00000003   PAD
    0x0801e448   0x0801e448   0x000000e5   Data   RO         7656    .conststring        tcp_out.o
    0x0801e52d   0x0801e52d   0x00000003   PAD
    0x0801e530   0x0801e530   0x00000041   Data   RO         8061    .conststring        etharp.o
    0x0801e571   0x0801e571   0x00000003   PAD
    0x0801e574   0x0801e574   0x00000020   Data   RO        11119    Region$$Table       anon$$obj.o


    Execution Region RW_IRAM1 (Exec base: 0x20000000, Load base: 0x0801e594, Size: 0x00011708, Max: 0x0001c000, ABSOLUTE, COMPRESSED[0x00000060])

    Exec Addr    Load Addr    Size         Type   Attr      Idx    E Section Name        Object

    0x20000000   COMPRESSED   0x00000004   Data   RW          596    .data               freertos.o
    0x20000004   COMPRESSED   0x00000004   Data   RW          703    .data               usart.o
    0x20000008   COMPRESSED   0x00000009   Data   RW         2852    .data               stm32f4xx_hal.o
    0x20000011   COMPRESSED   0x00000003   PAD
    0x20000014   COMPRESSED   0x00000004   Data   RW         3813    .data               system_stm32f4xx.o
    0x20000018   COMPRESSED   0x00000024   Data   RW         3871    .data               ethernetif.o
    0x2000003c   COMPRESSED   0x00000018   Data   RW         4017    .data               lwip.o
    0x20000054   COMPRESSED   0x00000018   Data   RW         4927    .data               httpd.o
    0x2000006c   COMPRESSED   0x00000044   Data   RW         5572    .data               err.o
    0x200000b0   COMPRESSED   0x00000010   Data   RW         6123    .data               tcpip.o
    0x200000c0   COMPRESSED   0x00000010   Data   RW         6516    .data               mem.o
    0x200000d0   COMPRESSED   0x00000034   Data   RW         6599    .data               memp.o
    0x20000104   COMPRESSED   0x00000009   Data   RW         6723    .data               netif.o
    0x2000010d   COMPRESSED   0x00000001   Data   RW         6924    .data               pbuf.o
    0x2000010e   COMPRESSED   0x00000002   PAD
    0x20000110   COMPRESSED   0x00000020   Data   RW         7242    .data               tcp.o
    0x20000130   COMPRESSED   0x00000028   Data   RW         7555    .data               tcp_in.o
    0x20000158   COMPRESSED   0x0000000c   Data   RW         7803    .data               timeouts.o
    0x20000164   COMPRESSED   0x00000008   Data   RW         7897    .data               udp.o
    0x2000016c   COMPRESSED   0x00000001   Data   RW         8062    .data               etharp.o
    0x2000016d   COMPRESSED   0x00000001   PAD
    0x2000016e   COMPRESSED   0x00000002   Data   RW         8217    .data               ip4.o
    0x20000170   COMPRESSED   0x00000006   Data   RW         8345    .data               ip4_frag.o
    0x20000176   COMPRESSED   0x00000002   PAD
    0x20000178   COMPRESSED   0x00000008   Data   RW         8621    .data               sys_arch.o
    0x20000180   COMPRESSED   0x0000003c   Data   RW         9646    .data               tasks.o
    0x200001bc   COMPRESSED   0x00000014   Data   RW         9988    .data               timers.o
    0x200001d0   COMPRESSED   0x00000004   Data   RW        10222    .data               cmsis_os2.o
    0x200001d4   COMPRESSED   0x00000020   Data   RW        10681    .data               heap_4.o
    0x200001f4   COMPRESSED   0x0000000c   Data   RW        10737    .data               port.o
    0x20000200        -       0x00000048   Zero   RW          702    .bss                usart.o
    0x20000248        -       0x00000048   Zero   RW          863    .bss                stm32f4xx_hal_timebase_tim.o
    0x20000290        -       0x00004bcc   Zero   RW         3868    .bss                ethernetif.o
    0x20004e5c        -       0x00000058   Zero   RW         4016    .bss                lwip.o
    0x20004eb4        -       0x00000440   Zero   RW         4924    .bss                httpd.o
    0x200052f4        -       0x00000018   Zero   RW         6482    .bss                ip.o
    0x2000530c        -       0x00004013   Zero   RW         6515    .bss                mem.o
    0x2000931f        -       0x000030cb   Zero   RW         6596    .bss                memp.o
    0x2000c3ea   COMPRESSED   0x00000002   PAD
    0x2000c3ec        -       0x00000014   Zero   RW         7554    .bss                tcp_in.o
    0x2000c400        -       0x000000f0   Zero   RW         8060    .bss                etharp.o
    0x2000c4f0        -       0x00000040   Zero   RW         9214    .bss                queue.o
    0x2000c530        -       0x000004c4   Zero   RW         9645    .bss                tasks.o
    0x2000c9f4        -       0x00000118   Zero   RW         9987    .bss                timers.o
    0x2000cb0c        -       0x000006b8   Zero   RW        10221    .bss                cmsis_os2.o
    0x2000d1c4        -       0x00003c00   Zero   RW        10680    .bss                heap_4.o
    0x20010dc4        -       0x000000e4   Zero   RW        10875    .bss                c_w.l(rand.o)
    0x20010ea8        -       0x00000060   Zero   RW        11002    .bss                c_w.l(libspace.o)
    0x20010f08        -       0x00000400   Zero   RW            2    HEAP                startup_stm32f407xx.o
    0x20011308        -       0x00000400   Zero   RW            1    STACK               startup_stm32f407xx.o


    Execution Region RW_IRAM2 (Exec base: 0x2001c000, Load base: 0x0801e5f4, Size: 0x00000000, Max: 0x00004000, ABSOLUTE)

    **** No section assigned to this execution region ****


==============================================================================

Image component sizes


      Code (inc. data)   RO Data    RW Data    ZI Data      Debug   Object Name

         0          0          0          0          0       2700   api_lib.o
         0          0          0          0          0       2176   auth.o
         0          0          0          0          0       3919   bridgeif.o
      1628         54          0          4       1720      70856   cmsis_os2.o
       172          0          0          0          0       2880   def.o
        48         22        313         68          0       3098   err.o
      3980       1204         65          1        240      12263   etharp.o
       484        154         12          0          0       2746   ethernet.o
      1900        260         39         36      19404      23558   ethernetif.o
         0          0          0          0          0      16988   event_groups.o
        50         14         48          4          0       1757   freertos.o
        80          4      31260          0          0       4784   fs.o
       180         10          0          0          0        963   gpio.o
       724         74          0         32      15360       4839   heap_4.o
      7042       2512        198         24       1088      27833   httpd.o
         0          0          0          0          0     740591   httpd_cgi_ssi.o
      1036        352          0          0          0       4830   icmp.o
       160         92         65          0          0       9987   init.o
         0          0          0          0         24       3210   ip.o
      1162        182          0          2          0       5656   ip4.o
        78          0          8          0          0       8642   ip4_addr.o
      3598       1192          0          6          0      12510   ip4_frag.o
       378          0          0          0          0       2630   lan8742.o
       148          0          0          0          0       3538   list.o
       614         58          0         24         88       1992   lwip.o
         0          0          0          0          0      23643   lwiptcpdemo.o
       250         14          0          0          0       9252   main.o
      2684       1100          0         16      16403       8625   mem.o
      1132        720        412         52      12491      12396   memp.o
      2124        998          0          9          0      16086   netif.o
      4070       1802          0          1          0      17237   pbuf.o
      1014         92          0         12          0      11641   port.o
      3444         30          0          0         64      30768   queue.o
        64         26        392          0       2048        840   startup_stm32f407xx.o
       136         24          0          9          0       8702   stm32f4xx_hal.o
       260         22          0          0          0      33534   stm32f4xx_hal_cortex.o
      3532         66          0          0          0      27343   stm32f4xx_hal_eth.o
       512         46          0          0          0       2096   stm32f4xx_hal_gpio.o
        84          6          0          0          0        854   stm32f4xx_hal_msp.o
      1888         94          0          0          0       6241   stm32f4xx_hal_rcc.o
       876         76          0          0          0       6590   stm32f4xx_hal_tim.o
         4          0          0          0          0       1589   stm32f4xx_hal_tim_ex.o
       180         20          0          0         72       1459   stm32f4xx_hal_timebase_tim.o
      1112         10          0          0          0       4560   stm32f4xx_hal_uart.o
        54         12          0          0          0       3764   stm32f4xx_it.o
         0          0          0          0          0        384   stream_buffer.o
       316         18          0          8          0      13548   sys_arch.o
        20          6         24          4          0       1115   system_stm32f4xx.o
      3244        390          0         60       1220      31138   tasks.o
     11784       5918        189         32          0      45711   tcp.o
      9992       2656          0         40         20      23011   tcp_in.o
     11098       4550        229          0          0      33918   tcp_out.o
      1284        682          0         16          0       8144   tcpip.o
      1048        492         28         12          0       7555   timeouts.o
      1318        124          0         20        280      30307   timers.o
      1028        356          0          8          0       5702   udp.o
       224         28          0          4         72       4062   usart.o

    ----------------------------------------------------------------------
     88310      26562      33332        512      70596    1406761   Object Totals
         0          0         32          0          0          0   (incl. Generated)
        72          0         18          8          2          0   (incl. Padding)

    ----------------------------------------------------------------------

      Code (inc. data)   RO Data    RW Data    ZI Data      Debug   Library Member Name

        90          0          0          0          0          0   __dczerorl2.o
         8          0          0          0          0         68   __main.o
       312          4         17          0          0         92   __printf_flags_wp.o
        14          0          0          0          0         68   __printf_wp.o
         0          0          0          0          0          0   __rtentry.o
        12          0          0          0          0          0   __rtentry2.o
         6          0          0          0          0          0   __rtentry4.o
        52          8          0          0          0          0   __scatter.o
        28          0          0          0          0          0   __scatter_zi.o
        44          0          0          0          0        108   _printf_char.o
        48          6          0          0          0         96   _printf_char_common.o
        36          4          0          0          0         80   _printf_char_file.o
         6          0          0          0          0          0   _printf_d.o
       120         16          0          0          0         92   _printf_dec.o
       124          4         40          0          0        144   _printf_hex_int_ptr.o
       178          0          0          0          0         88   _printf_intcommon.o
         6          0          0          0          0          0   _printf_p.o
         0          0          0          0          0          0   _printf_percent.o
         4          0          0          0          0          0   _printf_percent_end.o
         6          0          0          0          0          0   _printf_s.o
        82          0          0          0          0         80   _printf_str.o
         6          0          0          0          0          0   _printf_u.o
        16          0          0          0          0         68   aeabi_memset.o
        18          0          0          0          0         80   exit.o
         8          0          0          0          0         68   ferror.o
         6          0          0          0          0        152   heapauxi.o
         2          0          0          0          0          0   libinit.o
        10          0          0          0          0          0   libinit2.o
         2          0          0          0          0          0   libshutdown.o
         2          0          0          0          0          0   libshutdown2.o
         8          4          0          0         96         68   libspace.o
       238          0          0          0          0        100   lludivv7m.o
        88          0          0          0          0         76   memcmp.o
        24          4          0          0          0         84   noretval__2printf.o
       112         18          0          0        228        160   rand.o
        68          0          0          0          0         68   rt_memclr.o
        78          0          0          0          0         80   rt_memclr_w.o
       138          0          0          0          0         68   rt_memcpy_v6.o
       100          0          0          0          0         80   rt_memcpy_w.o
         2          0          0          0          0          0   rtexit.o
        10          0          0          0          0          0   rtexit2.o
        20          0          0          0          0         68   strchr.o
       128          0          0          0          0         68   strcmpv7m.o
        62          0          0          0          0         76   strlen.o
       150          0          0          0          0         80   strncmp.o
        36          0          0          0          0         80   strstr.o
        74          0          0          0          0         80   sys_stackheap_outer.o
         2          0          0          0          0         68   use_no_semi.o
         2          0          0          0          0         68   use_no_semi_2.o
        10          0          0          0          0        116   fpinit.o

    ----------------------------------------------------------------------
      2606         68         60          0        324       2772   Library Totals
        10          0          3          0          0          0   (incl. Padding)

    ----------------------------------------------------------------------

      Code (inc. data)   RO Data    RW Data    ZI Data      Debug   Library Name

      2586         68         57          0        324       2656   c_w.l
        10          0          0          0          0        116   fz_wm.l

    ----------------------------------------------------------------------
      2606         68         60          0        324       2772   Library Totals

    ----------------------------------------------------------------------

==============================================================================


      Code (inc. data)   RO Data    RW Data    ZI Data      Debug   

     90916      26630      33392        512      70920    1363977   Grand Totals
     90916      26630      33392         96      70920    1363977   ELF Image Totals (compressed)
     90916      26630      33392         96          0          0   ROM Totals

==============================================================================

    Total RO  Size (Code + RO Data)               124308 ( 121.39kB)
    Total RW  Size (RW Data + ZI Data)             71432 (  69.76kB)
    Total ROM Size (Code + RO Data + RW Data)     124404 ( 121.49kB)

==============================================================================

