<html>
<body>
<pre>
<h1>µVision Build Log</h1>
<h2>Tool Versions:</h2>
IDE-Version: ¦ÌVision V5.36.0.0
Copyright (C) 2021 ARM Ltd and ARM Germany GmbH. All rights reserved.
License Information: sdfnbl auvnkl, skfdnkl, LIC=NQQMA-1ACE0-2ZPW4-FRLYQ-J7CGC-PWRJL
 
Tool Versions:
Toolchain:       MDK-ARM Plus  Version: 5.36.0.0
Toolchain Path:  D:\Keil5\ARM\ARMCC\Bin
C Compiler:      Armcc.exe V5.06 update 7 (build 960)
Assembler:       Armasm.exe V5.06 update 7 (build 960)
Linker/Locator:  ArmLink.exe V5.06 update 7 (build 960)
Library Manager: ArmAr.exe V5.06 update 7 (build 960)
Hex Converter:   FromElf.exe V5.06 update 7 (build 960)
CPU DLL:         SARMCM3.DLL V5.36.0.0
Dialog DLL:      DCM.DLL V1.17.3.0
Target DLL:      CMSIS_AGDI.dll V1.33.0.0
Dialog DLL:      TCM.DLL V1.53.0.0
 
<h2>Project:</h2>
D:\elec_design\lwiplearn\f4\f4usb\MDK-ARM\f4lwip.uvprojx
Project File Date:  03/25/2025

<h2>Output:</h2>
*** Using Compiler 'V5.06 update 7 (build 960)', folder: 'D:\Keil5\ARM\ARMCC\Bin'
Rebuild target 'f4lwip'
assembling startup_stm32f407xx.s...
compiling stm32f4xx_it.c...
compiling stm32f4xx_hal_timebase_tim.c...
compiling stm32f4xx_hal_msp.c...
compiling usart.c...
compiling gpio.c...
compiling stm32f4xx_hal_tim_ex.c...
compiling freertos.c...
../Core/Src/freertos.c(122): warning:  #223-D: function "httpd_init" declared implicitly
  	httpd_init();
../Core/Src/freertos.c: 1 warning, 0 errors
compiling httpd_cgi_ssi.c...
compiling stm32f4xx_hal_tim.c...
compiling main.c...
compiling lwiptcpdemo.c...
..\Drivers\lwiptcpdemo.h(7): warning:  #1-D: last line of file ends without a newline
  #endif
..\Drivers\lwiptcpdemo.c(120): warning:  #177-D: variable "data_len"  was declared but never referenced
      uint32_t  data_len = 0;
..\Drivers\lwiptcpdemo.c(121): warning:  #177-D: variable "q"  was declared but never referenced
      struct    pbuf *q;
..\Drivers\lwiptcpdemo.c(122): warning:  #177-D: variable "recv_err"  was declared but never referenced
      err_t     err,recv_err;
..\Drivers\lwiptcpdemo.c(123): warning:  #177-D: variable "remot_addr"  was declared but never referenced
      uint8_t   remot_addr[4];
..\Drivers\lwiptcpdemo.c(125): warning:  #177-D: variable "ipaddr"  was declared but never referenced
      static    ip_addr_t ipaddr;
..\Drivers\lwiptcpdemo.c(126): warning:  #177-D: variable "port"  was declared but never referenced
      static    u16_t  port;
..\Drivers\lwiptcpdemo.c(127): warning:  #177-D: variable "lwip_err"  was declared but never referenced
      BaseType_t lwip_err;
..\Drivers\lwiptcpdemo.c(128): warning:  #177-D: variable "tbuf"  was declared but never referenced
      char *tbuf;
..\Drivers\lwiptcpdemo.c: 9 warnings, 0 errors
compiling stm32f4xx_hal_pwr_ex.c...
compiling stm32f4xx_hal_gpio.c...
compiling stm32f4xx_hal_flash_ramfunc.c...
compiling stm32f4xx_hal_flash_ex.c...
compiling stm32f4xx_hal_flash.c...
compiling stm32f4xx_hal_dma.c...
compiling stm32f4xx_hal_rcc_ex.c...
compiling stm32f4xx_hal_cortex.c...
compiling stm32f4xx_hal_pwr.c...
compiling stm32f4xx_hal_dma_ex.c...
compiling stm32f4xx_hal_rcc.c...
compiling lan8742.c...
compiling stm32f4xx_hal_eth.c...
compiling stm32f4xx_hal.c...
compiling system_stm32f4xx.c...
compiling stm32f4xx_hal_exti.c...
compiling ccp.c...
compiling auth.c...
compiling stm32f4xx_hal_uart.c...
compiling chap-md5.c...
compiling chap_ms.c...
compiling ethernetif.c...
compiling lwip.c...
compiling fsm.c...
compiling chap-new.c...
compiling multilink.c...
compiling eui64.c...
compiling eap.c...
compiling ipcp.c...
compiling lcp.c...
compiling demand.c...
compiling mppe.c...
compiling ipv6cp.c...
compiling magic.c...
compiling pppcrypt.c...
compiling ppp.c...
compiling pppol2tp.c...
compiling vj.c...
compiling utils.c...
compiling pppapi.c...
compiling pppoe.c...
compiling pppos.c...
compiling upap.c...
compiling bridgeif.c...
compiling bridgeif_fdb.c...
compiling lowpan6_ble.c...
compiling ecp.c...
compiling zepif.c...
compiling lowpan6.c...
compiling fs.c...
compiling lowpan6_common.c...
compiling slipif.c...
compiling ethernet.c...
compiling httpd.c...
compiling api_lib.c...
compiling api_msg.c...
compiling altcp_tcp.c...
compiling altcp_alloc.c...
compiling def.c...
compiling netdb.c...
compiling altcp.c...
compiling netifapi.c...
compiling netbuf.c...
compiling err.c...
compiling tcpip.c...
compiling if_api.c...
compiling sockets.c...
compiling raw.c...
compiling stats.c...
compiling inet_chksum.c...
compiling dns.c...
compiling sys.c...
compiling ip.c...
compiling mem.c...
compiling netif.c...
compiling pbuf.c...
compiling init.c...
compiling memp.c...
compiling dhcp.c...
compiling autoip.c...
compiling igmp.c...
compiling tcp_out.c...
compiling udp.c...
compiling etharp.c...
compiling icmp.c...
compiling ip4.c...
compiling tcp_in.c...
compiling tcp.c...
compiling timeouts.c...
compiling ip6.c...
compiling inet6.c...
compiling nd6.c...
compiling icmp6.c...
compiling ethip6.c...
compiling ip6_addr.c...
compiling mld6.c...
compiling dhcp6.c...
compiling ip4_addr.c...
compiling croutine.c...
compiling ip4_frag.c...
compiling ip6_frag.c...
compiling event_groups.c...
compiling list.c...
compiling stream_buffer.c...
compiling queue.c...
compiling timers.c...
compiling heap_4.c...
compiling tasks.c...
compiling port.c...
compiling sys_arch.c...
compiling mqtt.c...
compiling cmsis_os2.c...
linking...
Program Size: Code=90916 RO-data=33392 RW-data=512 ZI-data=70920  
FromELF: creating hex file...
"f4lwip\f4lwip.axf" - 0 Error(s), 10 Warning(s).

<h2>Software Packages used:</h2>

Package Vendor: ARM
                http://www.keil.com/pack/ARM.CMSIS.5.8.0.pack
                ARM.CMSIS.5.8.0
                CMSIS (Common Microcontroller Software Interface Standard)
   * Component: CORE Version: 5.5.0

Package Vendor: Keil
                http://www.keil.com/pack/Keil.STM32F4xx_DFP.2.12.0.pack
                Keil.STM32F4xx_DFP.2.12.0
                STMicroelectronics STM32F4 Series Device Support, Drivers and Examples

<h2>Collection of Component include folders:</h2>
  .\RTE\_f4lwip
  D:\Keil5\ARM\CMSIS\5.8.0\CMSIS\Core\Include
  D:\Keil5\Keil\STM32F4xx_DFP\2.12.0\Drivers\CMSIS\Device\ST\STM32F4xx\Include

<h2>Collection of Component Files used:</h2>

   * Component: ARM::CMSIS:CORE:5.5.0
      Include file:  CMSIS\Core\Include\tz_context.h
Build Time Elapsed:  00:00:50
</pre>
</body>
</html>
